[2025-05-29T22:22:43.573+0000] {local_task_job_runner.py:120} INFO - ::group::Pre task execution logs
[2025-05-29T22:22:43.740+0000] {taskinstance.py:2073} INFO - Dependencies all met for dep_context=non-requeueable deps ti=<TaskInstance: mlops_pipeline_orchestrator.setup_database manual__2025-05-29T22:22:33.263133+00:00 [queued]>
[2025-05-29T22:22:43.797+0000] {taskinstance.py:2073} INFO - Dependencies all met for dep_context=requeueable deps ti=<TaskInstance: mlops_pipeline_orchestrator.setup_database manual__2025-05-29T22:22:33.263133+00:00 [queued]>
[2025-05-29T22:22:43.799+0000] {taskinstance.py:2303} INFO - Starting attempt 1 of 2
[2025-05-29T22:22:43.863+0000] {taskinstance.py:2327} INFO - Executing <Task(PythonOperator): setup_database> on 2025-05-29 22:22:33.263133+00:00
[2025-05-29T22:22:43.912+0000] {standard_task_runner.py:63} INFO - Started process 2748 to run task
[2025-05-29T22:22:43.934+0000] {standard_task_runner.py:90} INFO - Running: ['airflow', 'tasks', 'run', 'mlops_pipeline_orchestrator', 'setup_database', 'manual__2025-05-29T22:22:33.263133+00:00', '--job-id', '243', '--raw', '--subdir', 'DAGS_FOLDER/orchestrator.py', '--cfg-path', '/tmp/tmpp6qmghg_']
[2025-05-29T22:22:43.945+0000] {standard_task_runner.py:91} INFO - Job 243: Subtask setup_database
[2025-05-29T22:22:44.247+0000] {task_command.py:426} INFO - Running <TaskInstance: mlops_pipeline_orchestrator.setup_database manual__2025-05-29T22:22:33.263133+00:00 [running]> on host 21b210e93619
[2025-05-29T22:22:44.886+0000] {taskinstance.py:2644} INFO - Exporting env vars: AIRFLOW_CTX_DAG_OWNER='mlops-team' AIRFLOW_CTX_DAG_ID='mlops_pipeline_orchestrator' AIRFLOW_CTX_TASK_ID='setup_database' AIRFLOW_CTX_EXECUTION_DATE='2025-05-29T22:22:33.263133+00:00' AIRFLOW_CTX_TRY_NUMBER='1' AIRFLOW_CTX_DAG_RUN_ID='manual__2025-05-29T22:22:33.263133+00:00'
[2025-05-29T22:22:44.888+0000] {taskinstance.py:430} INFO - ::endgroup::
[2025-05-29T22:22:45.087+0000] {base.py:84} INFO - Using connection ID 'postgres_raw_data' for task execution.
[2025-05-29T22:22:45.123+0000] {sql.py:457} INFO - Running statement: CREATE SCHEMA IF NOT EXISTS raw_data;, parameters: None
[2025-05-29T22:22:45.128+0000] {logging_mixin.py:188} INFO - ✅ Base de datos configurada
[2025-05-29T22:22:45.129+0000] {python.py:237} INFO - Done. Returned value was: None
[2025-05-29T22:22:45.130+0000] {taskinstance.py:441} INFO - ::group::Post task execution logs
[2025-05-29T22:22:45.170+0000] {taskinstance.py:1205} INFO - Marking task as SUCCESS. dag_id=mlops_pipeline_orchestrator, task_id=setup_database, execution_date=20250529T222233, start_date=20250529T222243, end_date=20250529T222245
[2025-05-29T22:22:45.253+0000] {local_task_job_runner.py:240} INFO - Task exited with return code 0
[2025-05-29T22:22:45.382+0000] {taskinstance.py:3482} INFO - 1 downstream tasks scheduled from follow-on schedule check
[2025-05-29T22:22:45.389+0000] {local_task_job_runner.py:222} INFO - ::endgroup::
