[2025-05-29T08:00:30.169+0000] {local_task_job_runner.py:120} INFO - ::group::Pre task execution logs
[2025-05-29T08:00:30.360+0000] {taskinstance.py:2073} INFO - Dependencies all met for dep_context=non-requeueable deps ti=<TaskInstance: mlops_pipeline_orchestrator.setup_database manual__2025-05-29T08:00:20.958214+00:00 [queued]>
[2025-05-29T08:00:30.467+0000] {taskinstance.py:2073} INFO - Dependencies all met for dep_context=requeueable deps ti=<TaskInstance: mlops_pipeline_orchestrator.setup_database manual__2025-05-29T08:00:20.958214+00:00 [queued]>
[2025-05-29T08:00:30.468+0000] {taskinstance.py:2303} INFO - Starting attempt 1 of 2
[2025-05-29T08:00:30.541+0000] {taskinstance.py:2327} INFO - Executing <Task(PythonOperator): setup_database> on 2025-05-29 08:00:20.958214+00:00
[2025-05-29T08:00:30.610+0000] {standard_task_runner.py:63} INFO - Started process 3995 to run task
[2025-05-29T08:00:30.676+0000] {standard_task_runner.py:90} INFO - Running: ['airflow', 'tasks', 'run', 'mlops_pipeline_orchestrator', 'setup_database', 'manual__2025-05-29T08:00:20.958214+00:00', '--job-id', '76', '--raw', '--subdir', 'DAGS_FOLDER/orchestrator.py', '--cfg-path', '/tmp/tmp9l7vjf6i']
[2025-05-29T08:00:30.716+0000] {standard_task_runner.py:91} INFO - Job 76: Subtask setup_database
[2025-05-29T08:00:32.011+0000] {task_command.py:426} INFO - Running <TaskInstance: mlops_pipeline_orchestrator.setup_database manual__2025-05-29T08:00:20.958214+00:00 [running]> on host 21b210e93619
[2025-05-29T08:00:33.996+0000] {taskinstance.py:2644} INFO - Exporting env vars: AIRFLOW_CTX_DAG_OWNER='mlops-team' AIRFLOW_CTX_DAG_ID='mlops_pipeline_orchestrator' AIRFLOW_CTX_TASK_ID='setup_database' AIRFLOW_CTX_EXECUTION_DATE='2025-05-29T08:00:20.958214+00:00' AIRFLOW_CTX_TRY_NUMBER='1' AIRFLOW_CTX_DAG_RUN_ID='manual__2025-05-29T08:00:20.958214+00:00'
[2025-05-29T08:00:34.010+0000] {taskinstance.py:430} INFO - ::endgroup::
[2025-05-29T08:00:34.952+0000] {base.py:84} INFO - Using connection ID 'postgres_raw_data' for task execution.
[2025-05-29T08:00:35.049+0000] {sql.py:457} INFO - Running statement: CREATE SCHEMA IF NOT EXISTS raw_data;, parameters: None
[2025-05-29T08:00:35.104+0000] {logging_mixin.py:188} INFO - ✅ Base de datos configurada
[2025-05-29T08:00:35.106+0000] {python.py:237} INFO - Done. Returned value was: None
[2025-05-29T08:00:35.109+0000] {taskinstance.py:441} INFO - ::group::Post task execution logs
[2025-05-29T08:00:35.408+0000] {taskinstance.py:1205} INFO - Marking task as SUCCESS. dag_id=mlops_pipeline_orchestrator, task_id=setup_database, execution_date=20250529T080020, start_date=20250529T080030, end_date=20250529T080035
[2025-05-29T08:00:35.698+0000] {local_task_job_runner.py:240} INFO - Task exited with return code 0
[2025-05-29T08:00:36.137+0000] {taskinstance.py:3482} INFO - 0 downstream tasks scheduled from follow-on schedule check
[2025-05-29T08:00:36.158+0000] {local_task_job_runner.py:222} INFO - ::endgroup::
