[2025-05-30T01:09:34.326+0000] {local_task_job_runner.py:120} INFO - ::group::Pre task execution logs
[2025-05-30T01:09:34.652+0000] {taskinstance.py:2073} INFO - Dependencies all met for dep_context=non-requeueable deps ti=<TaskInstance: mlops_pipeline_orchestrator.setup_database scheduled__2025-05-29T00:00:00+00:00 [queued]>
[2025-05-30T01:09:34.791+0000] {taskinstance.py:2073} INFO - Dependencies all met for dep_context=requeueable deps ti=<TaskInstance: mlops_pipeline_orchestrator.setup_database scheduled__2025-05-29T00:00:00+00:00 [queued]>
[2025-05-30T01:09:34.798+0000] {taskinstance.py:2303} INFO - Starting attempt 1 of 2
[2025-05-30T01:09:34.999+0000] {taskinstance.py:2327} INFO - Executing <Task(PythonOperator): setup_database> on 2025-05-29 00:00:00+00:00
[2025-05-30T01:09:35.065+0000] {standard_task_runner.py:63} INFO - Started process 6012 to run task
[2025-05-30T01:09:35.135+0000] {standard_task_runner.py:90} INFO - Running: ['airflow', 'tasks', 'run', 'mlops_pipeline_orchestrator', 'setup_database', 'scheduled__2025-05-29T00:00:00+00:00', '--job-id', '289', '--raw', '--subdir', 'DAGS_FOLDER/orchestrator.py', '--cfg-path', '/tmp/tmp4wtxjb9n']
[2025-05-30T01:09:35.170+0000] {standard_task_runner.py:91} INFO - Job 289: Subtask setup_database
[2025-05-30T01:09:37.133+0000] {task_command.py:426} INFO - Running <TaskInstance: mlops_pipeline_orchestrator.setup_database scheduled__2025-05-29T00:00:00+00:00 [running]> on host 21b210e93619
[2025-05-30T01:09:39.181+0000] {taskinstance.py:2644} INFO - Exporting env vars: AIRFLOW_CTX_DAG_OWNER='mlops-team' AIRFLOW_CTX_DAG_ID='mlops_pipeline_orchestrator' AIRFLOW_CTX_TASK_ID='setup_database' AIRFLOW_CTX_EXECUTION_DATE='2025-05-29T00:00:00+00:00' AIRFLOW_CTX_TRY_NUMBER='1' AIRFLOW_CTX_DAG_RUN_ID='scheduled__2025-05-29T00:00:00+00:00'
[2025-05-30T01:09:39.187+0000] {taskinstance.py:430} INFO - ::endgroup::
[2025-05-30T01:09:39.425+0000] {base.py:84} INFO - Using connection ID 'postgres_raw_data' for task execution.
[2025-05-30T01:09:39.480+0000] {sql.py:457} INFO - Running statement: CREATE SCHEMA IF NOT EXISTS raw_data;, parameters: None
[2025-05-30T01:09:39.487+0000] {logging_mixin.py:188} INFO - ✅ Base de datos configurada
[2025-05-30T01:09:39.489+0000] {python.py:237} INFO - Done. Returned value was: None
[2025-05-30T01:09:39.490+0000] {taskinstance.py:441} INFO - ::group::Post task execution logs
[2025-05-30T01:09:39.585+0000] {taskinstance.py:1205} INFO - Marking task as SUCCESS. dag_id=mlops_pipeline_orchestrator, task_id=setup_database, execution_date=20250529T000000, start_date=20250530T010934, end_date=20250530T010939
[2025-05-30T01:09:39.775+0000] {local_task_job_runner.py:240} INFO - Task exited with return code 0
[2025-05-30T01:09:40.014+0000] {taskinstance.py:3482} INFO - 1 downstream tasks scheduled from follow-on schedule check
[2025-05-30T01:09:40.033+0000] {local_task_job_runner.py:222} INFO - ::endgroup::
