[2025-05-29T06:16:18.125+0000] {local_task_job_runner.py:120} INFO - ::group::Pre task execution logs
[2025-05-29T06:16:18.338+0000] {taskinstance.py:2073} INFO - Dependencies all met for dep_context=non-requeueable deps ti=<TaskInstance: mlops_pipeline_orchestrator.execute_batch_pipeline scheduled__2025-05-28T00:00:00+00:00 [queued]>
[2025-05-29T06:16:18.424+0000] {taskinstance.py:2073} INFO - Dependencies all met for dep_context=requeueable deps ti=<TaskInstance: mlops_pipeline_orchestrator.execute_batch_pipeline scheduled__2025-05-28T00:00:00+00:00 [queued]>
[2025-05-29T06:16:18.424+0000] {taskinstance.py:2303} INFO - Starting attempt 1 of 2
[2025-05-29T06:16:18.533+0000] {taskinstance.py:2327} INFO - Executing <Task(PythonOperator): execute_batch_pipeline> on 2025-05-28 00:00:00+00:00
[2025-05-29T06:16:18.595+0000] {standard_task_runner.py:63} INFO - Started process 2120 to run task
[2025-05-29T06:16:18.640+0000] {standard_task_runner.py:90} INFO - Running: ['airflow', 'tasks', 'run', 'mlops_pipeline_orchestrator', 'execute_batch_pipeline', 'scheduled__2025-05-28T00:00:00+00:00', '--job-id', '38', '--raw', '--subdir', 'DAGS_FOLDER/orchestrator.py', '--cfg-path', '/tmp/tmp0dbk95_u']
[2025-05-29T06:16:18.649+0000] {standard_task_runner.py:91} INFO - Job 38: Subtask execute_batch_pipeline
[2025-05-29T06:16:19.538+0000] {task_command.py:426} INFO - Running <TaskInstance: mlops_pipeline_orchestrator.execute_batch_pipeline scheduled__2025-05-28T00:00:00+00:00 [running]> on host 21b210e93619
[2025-05-29T06:16:21.380+0000] {taskinstance.py:2644} INFO - Exporting env vars: AIRFLOW_CTX_DAG_OWNER='mlops-team' AIRFLOW_CTX_DAG_ID='mlops_pipeline_orchestrator' AIRFLOW_CTX_TASK_ID='execute_batch_pipeline' AIRFLOW_CTX_EXECUTION_DATE='2025-05-28T00:00:00+00:00' AIRFLOW_CTX_TRY_NUMBER='1' AIRFLOW_CTX_DAG_RUN_ID='scheduled__2025-05-28T00:00:00+00:00'
[2025-05-29T06:16:21.395+0000] {taskinstance.py:430} INFO - ::endgroup::
[2025-05-29T06:16:21.639+0000] {logging_mixin.py:188} INFO - 🚀 Iniciando procesamiento de batches...
[2025-05-29T06:16:21.640+0000] {logging_mixin.py:188} INFO - 
📦 PROCESANDO BATCH 1
[2025-05-29T06:16:21.641+0000] {logging_mixin.py:188} INFO - 🔄 Ejecutando DAG1 para batch 1...
[2025-05-29T06:19:24.124+0000] {logging_mixin.py:188} INFO - ✅ DAG1 completado exitosamente para batch 1
[2025-05-29T06:19:24.127+0000] {logging_mixin.py:188} INFO - 🔄 Ejecutando DAG2 para batch 1...
[2025-05-29T06:20:25.122+0000] {logging_mixin.py:188} INFO - ✅ DAG2 completado exitosamente para batch 1
[2025-05-29T06:20:25.255+0000] {base.py:84} INFO - Using connection ID 'postgres_raw_data' for task execution.
[2025-05-29T06:20:25.310+0000] {sql.py:457} INFO - Running statement: SELECT COUNT(*) FROM raw_data.api_data_batch_1;, parameters: None
[2025-05-29T06:20:25.344+0000] {sql.py:466} INFO - Rows affected: 1
[2025-05-29T06:20:25.346+0000] {warnings.py:109} WARNING - /home/airflow/.local/lib/python3.8/site-packages/airflow/providers/common/sql/hooks/sql.py:407: AirflowProviderDeprecationWarning: Call to deprecated method _make_common_data_structure. (The `_make_serializable` method is deprecated and support will be removed in a future version of the common.sql provider. Please update the DbApiHook's provider to a version based on common.sql >= 1.9.1.)
  result = self._make_common_data_structure(handler(cur))

[2025-05-29T06:20:25.354+0000] {logging_mixin.py:188} INFO - 📊 Batch 1: 73,784 registros procesados
[2025-05-29T06:20:25.356+0000] {logging_mixin.py:188} INFO - 
📦 PROCESANDO BATCH 2
[2025-05-29T06:20:25.358+0000] {logging_mixin.py:188} INFO - 🔄 Ejecutando DAG1 para batch 2...
[2025-05-29T06:23:27.148+0000] {logging_mixin.py:188} INFO - ✅ DAG1 completado exitosamente para batch 2
[2025-05-29T06:23:27.148+0000] {logging_mixin.py:188} INFO - 🔄 Ejecutando DAG2 para batch 2...
[2025-05-29T06:23:57.570+0000] {logging_mixin.py:188} INFO - ✅ DAG2 completado exitosamente para batch 2
[2025-05-29T06:23:57.642+0000] {base.py:84} INFO - Using connection ID 'postgres_raw_data' for task execution.
[2025-05-29T06:23:57.734+0000] {sql.py:457} INFO - Running statement: SELECT COUNT(*) FROM raw_data.api_data_batch_2;, parameters: None
[2025-05-29T06:23:57.787+0000] {sql.py:466} INFO - Rows affected: 1
[2025-05-29T06:23:57.801+0000] {logging_mixin.py:188} INFO - 📊 Batch 2: 94,551 registros procesados
[2025-05-29T06:23:57.802+0000] {logging_mixin.py:188} INFO - 
📦 PROCESANDO BATCH 3
[2025-05-29T06:23:57.802+0000] {logging_mixin.py:188} INFO - 🔄 Ejecutando DAG1 para batch 3...
[2025-05-29T06:29:59.907+0000] {logging_mixin.py:188} INFO - ✅ DAG1 completado exitosamente para batch 3
[2025-05-29T06:29:59.911+0000] {logging_mixin.py:188} INFO - 🔄 Ejecutando DAG2 para batch 3...
[2025-05-29T06:31:00.599+0000] {logging_mixin.py:188} INFO - ✅ DAG2 completado exitosamente para batch 3
[2025-05-29T06:31:00.679+0000] {base.py:84} INFO - Using connection ID 'postgres_raw_data' for task execution.
[2025-05-29T06:31:00.760+0000] {sql.py:457} INFO - Running statement: SELECT COUNT(*) FROM raw_data.api_data_batch_3;, parameters: None
[2025-05-29T06:31:00.947+0000] {sql.py:466} INFO - Rows affected: 1
[2025-05-29T06:31:00.952+0000] {logging_mixin.py:188} INFO - 📊 Batch 3: 230,366 registros procesados
[2025-05-29T06:31:00.953+0000] {logging_mixin.py:188} INFO - 
📦 PROCESANDO BATCH 4
[2025-05-29T06:31:00.956+0000] {logging_mixin.py:188} INFO - 🔄 Ejecutando DAG1 para batch 4...
[2025-05-29T06:31:31.574+0000] {logging_mixin.py:188} INFO - ✅ DAG1 completado exitosamente para batch 4
[2025-05-29T06:31:31.575+0000] {logging_mixin.py:188} INFO - 🔄 Ejecutando DAG2 para batch 4...
[2025-05-29T06:32:02.107+0000] {logging_mixin.py:188} INFO - ✅ DAG2 completado exitosamente para batch 4
[2025-05-29T06:32:02.226+0000] {base.py:84} INFO - Using connection ID 'postgres_raw_data' for task execution.
[2025-05-29T06:32:02.301+0000] {sql.py:457} INFO - Running statement: SELECT COUNT(*) FROM raw_data.api_data_batch_4;, parameters: None
[2025-05-29T06:32:02.330+0000] {sql.py:466} INFO - Rows affected: 1
[2025-05-29T06:32:02.334+0000] {logging_mixin.py:188} INFO - 📊 Batch 4: 4,055 registros procesados
[2025-05-29T06:32:02.339+0000] {logging_mixin.py:188} INFO - 
📦 PROCESANDO BATCH 5
[2025-05-29T06:32:02.340+0000] {logging_mixin.py:188} INFO - 🔄 Ejecutando DAG1 para batch 5...
[2025-05-29T06:39:34.427+0000] {logging_mixin.py:188} INFO - ✅ DAG1 completado exitosamente para batch 5
[2025-05-29T06:39:34.433+0000] {logging_mixin.py:188} INFO - 🔄 Ejecutando DAG2 para batch 5...
[2025-05-29T06:41:35.487+0000] {logging_mixin.py:188} INFO - ✅ DAG2 completado exitosamente para batch 5
[2025-05-29T06:41:35.610+0000] {base.py:84} INFO - Using connection ID 'postgres_raw_data' for task execution.
[2025-05-29T06:41:35.686+0000] {sql.py:457} INFO - Running statement: SELECT COUNT(*) FROM raw_data.api_data_batch_5;, parameters: None
[2025-05-29T06:41:35.855+0000] {sql.py:466} INFO - Rows affected: 1
[2025-05-29T06:41:35.897+0000] {logging_mixin.py:188} INFO - 📊 Batch 5: 320,696 registros procesados
[2025-05-29T06:41:35.899+0000] {logging_mixin.py:188} INFO - 
📦 PROCESANDO BATCH 6
[2025-05-29T06:41:35.903+0000] {logging_mixin.py:188} INFO - 🔄 Ejecutando DAG1 para batch 6...
[2025-05-29T06:50:08.708+0000] {logging_mixin.py:188} INFO - ✅ DAG1 completado exitosamente para batch 6
[2025-05-29T06:50:08.713+0000] {logging_mixin.py:188} INFO - 🔄 Ejecutando DAG2 para batch 6...
[2025-05-29T06:51:09.253+0000] {logging_mixin.py:188} INFO - ✅ DAG2 completado exitosamente para batch 6
[2025-05-29T06:51:09.295+0000] {base.py:84} INFO - Using connection ID 'postgres_raw_data' for task execution.
[2025-05-29T06:51:09.323+0000] {sql.py:457} INFO - Running statement: SELECT COUNT(*) FROM raw_data.api_data_batch_6;, parameters: None
[2025-05-29T06:51:09.373+0000] {sql.py:466} INFO - Rows affected: 1
[2025-05-29T06:51:09.376+0000] {logging_mixin.py:188} INFO - 📊 Batch 6: 361,457 registros procesados
[2025-05-29T06:51:09.376+0000] {logging_mixin.py:188} INFO - 
📦 PROCESANDO BATCH 7
[2025-05-29T06:51:09.376+0000] {logging_mixin.py:188} INFO - 🔄 Ejecutando DAG1 para batch 7...
[2025-05-29T06:56:40.832+0000] {logging_mixin.py:188} INFO - 🏁 Fin de batches detectado en batch 7
[2025-05-29T06:56:40.833+0000] {logging_mixin.py:188} INFO - 
📊 RESUMEN FINAL DEL PIPELINE:
[2025-05-29T06:56:40.833+0000] {logging_mixin.py:188} INFO -    🎯 Batches procesados exitosamente: 6
[2025-05-29T06:56:40.833+0000] {logging_mixin.py:188} INFO -    📈 Total registros procesados: 1,084,909
[2025-05-29T06:56:40.834+0000] {logging_mixin.py:188} INFO -    ⏱️ Tiempo total: 2419.19 segundos
[2025-05-29T06:56:40.834+0000] {logging_mixin.py:188} INFO -    🚀 Velocidad promedio: 448 registros/seg
[2025-05-29T06:56:40.834+0000] {logging_mixin.py:188} INFO -    📋 Tablas creadas:
[2025-05-29T06:56:40.838+0000] {logging_mixin.py:188} INFO -       - raw_data.api_data_batch_1
[2025-05-29T06:56:40.839+0000] {logging_mixin.py:188} INFO -       - raw_data.api_data_batch_1_processed
[2025-05-29T06:56:40.839+0000] {logging_mixin.py:188} INFO -       - raw_data.api_data_batch_2
[2025-05-29T06:56:40.839+0000] {logging_mixin.py:188} INFO -       - raw_data.api_data_batch_2_processed
[2025-05-29T06:56:40.839+0000] {logging_mixin.py:188} INFO -       - raw_data.api_data_batch_3
[2025-05-29T06:56:40.840+0000] {logging_mixin.py:188} INFO -       - raw_data.api_data_batch_3_processed
[2025-05-29T06:56:40.840+0000] {logging_mixin.py:188} INFO -       - raw_data.api_data_batch_4
[2025-05-29T06:56:40.840+0000] {logging_mixin.py:188} INFO -       - raw_data.api_data_batch_4_processed
[2025-05-29T06:56:40.842+0000] {logging_mixin.py:188} INFO -       - raw_data.api_data_batch_5
[2025-05-29T06:56:40.843+0000] {logging_mixin.py:188} INFO -       - raw_data.api_data_batch_5_processed
[2025-05-29T06:56:40.843+0000] {logging_mixin.py:188} INFO -       - raw_data.api_data_batch_6
[2025-05-29T06:56:40.843+0000] {logging_mixin.py:188} INFO -       - raw_data.api_data_batch_6_processed
[2025-05-29T06:56:40.844+0000] {python.py:237} INFO - Done. Returned value was: None
[2025-05-29T06:56:40.845+0000] {taskinstance.py:441} INFO - ::group::Post task execution logs
[2025-05-29T06:56:40.895+0000] {taskinstance.py:1205} INFO - Marking task as SUCCESS. dag_id=mlops_pipeline_orchestrator, task_id=execute_batch_pipeline, execution_date=20250528T000000, start_date=20250529T061618, end_date=20250529T065640
[2025-05-29T06:56:41.009+0000] {local_task_job_runner.py:240} INFO - Task exited with return code 0
[2025-05-29T06:56:41.134+0000] {taskinstance.py:3482} INFO - 1 downstream tasks scheduled from follow-on schedule check
[2025-05-29T06:56:41.139+0000] {local_task_job_runner.py:222} INFO - ::endgroup::
