[2025-05-29T20:14:49.614+0000] {local_task_job_runner.py:120} INFO - ::group::Pre task execution logs
[2025-05-29T20:14:49.718+0000] {taskinstance.py:2073} INFO - Dependencies all met for dep_context=non-requeueable deps ti=<TaskInstance: mlops_pipeline_orchestrator.setup_database manual__2025-05-29T20:14:42.101621+00:00 [queued]>
[2025-05-29T20:14:49.740+0000] {taskinstance.py:2073} INFO - Dependencies all met for dep_context=requeueable deps ti=<TaskInstance: mlops_pipeline_orchestrator.setup_database manual__2025-05-29T20:14:42.101621+00:00 [queued]>
[2025-05-29T20:14:49.740+0000] {taskinstance.py:2303} INFO - Starting attempt 1 of 2
[2025-05-29T20:14:49.786+0000] {taskinstance.py:2327} INFO - Executing <Task(PythonOperator): setup_database> on 2025-05-29 20:14:42.101621+00:00
[2025-05-29T20:14:49.812+0000] {standard_task_runner.py:63} INFO - Started process 131 to run task
[2025-05-29T20:14:49.839+0000] {standard_task_runner.py:90} INFO - Running: ['airflow', 'tasks', 'run', 'mlops_pipeline_orchestrator', 'setup_database', 'manual__2025-05-29T20:14:42.101621+00:00', '--job-id', '200', '--raw', '--subdir', 'DAGS_FOLDER/orchestrator.py', '--cfg-path', '/tmp/tmp36qv6y94']
[2025-05-29T20:14:49.851+0000] {standard_task_runner.py:91} INFO - Job 200: Subtask setup_database
[2025-05-29T20:14:50.519+0000] {task_command.py:426} INFO - Running <TaskInstance: mlops_pipeline_orchestrator.setup_database manual__2025-05-29T20:14:42.101621+00:00 [running]> on host 21b210e93619
[2025-05-29T20:14:51.385+0000] {taskinstance.py:2644} INFO - Exporting env vars: AIRFLOW_CTX_DAG_OWNER='mlops-team' AIRFLOW_CTX_DAG_ID='mlops_pipeline_orchestrator' AIRFLOW_CTX_TASK_ID='setup_database' AIRFLOW_CTX_EXECUTION_DATE='2025-05-29T20:14:42.101621+00:00' AIRFLOW_CTX_TRY_NUMBER='1' AIRFLOW_CTX_DAG_RUN_ID='manual__2025-05-29T20:14:42.101621+00:00'
[2025-05-29T20:14:51.388+0000] {taskinstance.py:430} INFO - ::endgroup::
[2025-05-29T20:14:51.672+0000] {base.py:84} INFO - Using connection ID 'postgres_raw_data' for task execution.
[2025-05-29T20:14:51.769+0000] {sql.py:457} INFO - Running statement: CREATE SCHEMA IF NOT EXISTS raw_data;, parameters: None
[2025-05-29T20:14:51.861+0000] {logging_mixin.py:188} INFO - ✅ Base de datos configurada
[2025-05-29T20:14:51.864+0000] {python.py:237} INFO - Done. Returned value was: None
[2025-05-29T20:14:51.865+0000] {taskinstance.py:441} INFO - ::group::Post task execution logs
[2025-05-29T20:14:52.078+0000] {taskinstance.py:1205} INFO - Marking task as SUCCESS. dag_id=mlops_pipeline_orchestrator, task_id=setup_database, execution_date=20250529T201442, start_date=20250529T201449, end_date=20250529T201452
[2025-05-29T20:14:52.268+0000] {local_task_job_runner.py:240} INFO - Task exited with return code 0
[2025-05-29T20:14:52.434+0000] {taskinstance.py:3482} INFO - 1 downstream tasks scheduled from follow-on schedule check
[2025-05-29T20:14:52.437+0000] {local_task_job_runner.py:222} INFO - ::endgroup::
