[2025-05-29T09:34:42.619+0000] {local_task_job_runner.py:120} INFO - ::group::Pre task execution logs
[2025-05-29T09:34:42.892+0000] {taskinstance.py:2073} INFO - Dependencies all met for dep_context=non-requeueable deps ti=<TaskInstance: mlops_pipeline_orchestrator.execute_batch_pipeline manual__2025-05-29T08:00:20.958214+00:00 [queued]>
[2025-05-29T09:34:43.023+0000] {taskinstance.py:2073} INFO - Dependencies all met for dep_context=requeueable deps ti=<TaskInstance: mlops_pipeline_orchestrator.execute_batch_pipeline manual__2025-05-29T08:00:20.958214+00:00 [queued]>
[2025-05-29T09:34:43.024+0000] {taskinstance.py:2303} INFO - Starting attempt 2 of 2
[2025-05-29T09:34:43.331+0000] {taskinstance.py:2327} INFO - Executing <Task(PythonOperator): execute_batch_pipeline> on 2025-05-29 08:00:20.958214+00:00
[2025-05-29T09:34:43.426+0000] {standard_task_runner.py:63} INFO - Started process 5307 to run task
[2025-05-29T09:34:43.439+0000] {standard_task_runner.py:90} INFO - Running: ['airflow', 'tasks', 'run', 'mlops_pipeline_orchestrator', 'execute_batch_pipeline', 'manual__2025-05-29T08:00:20.958214+00:00', '--job-id', '86', '--raw', '--subdir', 'DAGS_FOLDER/orchestrator.py', '--cfg-path', '/tmp/tmpxt5m_euh']
[2025-05-29T09:34:43.449+0000] {standard_task_runner.py:91} INFO - Job 86: Subtask execute_batch_pipeline
[2025-05-29T09:34:43.937+0000] {task_command.py:426} INFO - Running <TaskInstance: mlops_pipeline_orchestrator.execute_batch_pipeline manual__2025-05-29T08:00:20.958214+00:00 [running]> on host 21b210e93619
[2025-05-29T09:34:45.004+0000] {taskinstance.py:2644} INFO - Exporting env vars: AIRFLOW_CTX_DAG_OWNER='mlops-team' AIRFLOW_CTX_DAG_ID='mlops_pipeline_orchestrator' AIRFLOW_CTX_TASK_ID='execute_batch_pipeline' AIRFLOW_CTX_EXECUTION_DATE='2025-05-29T08:00:20.958214+00:00' AIRFLOW_CTX_TRY_NUMBER='2' AIRFLOW_CTX_DAG_RUN_ID='manual__2025-05-29T08:00:20.958214+00:00'
[2025-05-29T09:34:45.016+0000] {taskinstance.py:430} INFO - ::endgroup::
[2025-05-29T09:34:45.144+0000] {logging_mixin.py:188} INFO - 🚀 Iniciando procesamiento de batches...
[2025-05-29T09:34:45.146+0000] {logging_mixin.py:188} INFO - 
📦 PROCESANDO BATCH 1
[2025-05-29T09:34:45.146+0000] {logging_mixin.py:188} INFO - 🔄 Ejecutando DAG1 para batch 1...
[2025-05-29T09:42:18.273+0000] {logging_mixin.py:188} INFO - ✅ DAG1 completado exitosamente para batch 1
[2025-05-29T09:42:18.277+0000] {logging_mixin.py:188} INFO - 🔄 Ejecutando DAG2 para batch 1...
[2025-05-29T09:44:20.212+0000] {logging_mixin.py:188} INFO - ✅ DAG2 completado exitosamente para batch 1
[2025-05-29T09:44:20.339+0000] {base.py:84} INFO - Using connection ID 'postgres_raw_data' for task execution.
[2025-05-29T09:44:20.411+0000] {sql.py:457} INFO - Running statement: SELECT COUNT(*) FROM raw_data.api_data_batch_1;, parameters: None
[2025-05-29T09:44:20.605+0000] {sql.py:466} INFO - Rows affected: 1
[2025-05-29T09:44:20.609+0000] {warnings.py:109} WARNING - /home/airflow/.local/lib/python3.8/site-packages/airflow/providers/common/sql/hooks/sql.py:407: AirflowProviderDeprecationWarning: Call to deprecated method _make_common_data_structure. (The `_make_serializable` method is deprecated and support will be removed in a future version of the common.sql provider. Please update the DbApiHook's provider to a version based on common.sql >= 1.9.1.)
  result = self._make_common_data_structure(handler(cur))

[2025-05-29T09:44:20.622+0000] {logging_mixin.py:188} INFO - 📊 Batch 1: 230,366 registros procesados
[2025-05-29T09:44:20.622+0000] {logging_mixin.py:188} INFO - 
📦 PROCESANDO BATCH 2
[2025-05-29T09:44:20.622+0000] {logging_mixin.py:188} INFO - 🔄 Ejecutando DAG1 para batch 2...
[2025-05-29T10:14:29.251+0000] {logging_mixin.py:188} INFO - ❌ Error procesando batch 2: DAG1 timeout para batch 2
[2025-05-29T10:14:29.254+0000] {taskinstance.py:441} INFO - ::group::Post task execution logs
[2025-05-29T10:14:29.255+0000] {taskinstance.py:2890} ERROR - Task failed with exception
Traceback (most recent call last):
  File "/home/airflow/.local/lib/python3.8/site-packages/airflow/models/taskinstance.py", line 465, in _execute_task
    result = _execute_callable(context=context, **execute_callable_kwargs)
  File "/home/airflow/.local/lib/python3.8/site-packages/airflow/models/taskinstance.py", line 432, in _execute_callable
    return execute_callable(context=context, **execute_callable_kwargs)
  File "/home/airflow/.local/lib/python3.8/site-packages/airflow/models/baseoperator.py", line 400, in wrapper
    return func(self, *args, **kwargs)
  File "/home/airflow/.local/lib/python3.8/site-packages/airflow/operators/python.py", line 235, in execute
    return_value = self.execute_callable()
  File "/home/airflow/.local/lib/python3.8/site-packages/airflow/operators/python.py", line 252, in execute_callable
    return self.python_callable(*self.op_args, **self.op_kwargs)
  File "/opt/airflow/dags/orchestrator.py", line 115, in execute_batch_pipeline
    raise Exception(f"DAG1 timeout para batch {batch_number}")
Exception: DAG1 timeout para batch 2
[2025-05-29T10:14:29.306+0000] {taskinstance.py:1205} INFO - Marking task as FAILED. dag_id=mlops_pipeline_orchestrator, task_id=execute_batch_pipeline, execution_date=20250529T080020, start_date=20250529T093442, end_date=20250529T101429
[2025-05-29T10:14:29.362+0000] {standard_task_runner.py:110} ERROR - Failed to execute job 86 for task execute_batch_pipeline (DAG1 timeout para batch 2; 5307)
[2025-05-29T10:14:29.431+0000] {local_task_job_runner.py:240} INFO - Task exited with return code 1
[2025-05-29T10:14:29.499+0000] {taskinstance.py:3482} INFO - 0 downstream tasks scheduled from follow-on schedule check
[2025-05-29T10:14:29.511+0000] {local_task_job_runner.py:222} INFO - ::endgroup::
