[2025-05-29T08:00:53.672+0000] {local_task_job_runner.py:120} INFO - ::group::Pre task execution logs
[2025-05-29T08:00:53.877+0000] {taskinstance.py:2073} INFO - Dependencies all met for dep_context=non-requeueable deps ti=<TaskInstance: mlops_pipeline_orchestrator.execute_batch_pipeline manual__2025-05-29T08:00:20.958214+00:00 [queued]>
[2025-05-29T08:00:53.961+0000] {taskinstance.py:2073} INFO - Dependencies all met for dep_context=requeueable deps ti=<TaskInstance: mlops_pipeline_orchestrator.execute_batch_pipeline manual__2025-05-29T08:00:20.958214+00:00 [queued]>
[2025-05-29T08:00:53.964+0000] {taskinstance.py:2303} INFO - Starting attempt 1 of 2
[2025-05-29T08:00:54.031+0000] {taskinstance.py:2327} INFO - Executing <Task(PythonOperator): execute_batch_pipeline> on 2025-05-29 08:00:20.958214+00:00
[2025-05-29T08:00:54.066+0000] {standard_task_runner.py:63} INFO - Started process 4011 to run task
[2025-05-29T08:00:54.091+0000] {standard_task_runner.py:90} INFO - Running: ['airflow', 'tasks', 'run', 'mlops_pipeline_orchestrator', 'execute_batch_pipeline', 'manual__2025-05-29T08:00:20.958214+00:00', '--job-id', '79', '--raw', '--subdir', 'DAGS_FOLDER/orchestrator.py', '--cfg-path', '/tmp/tmpye9a8118']
[2025-05-29T08:00:54.101+0000] {standard_task_runner.py:91} INFO - Job 79: Subtask execute_batch_pipeline
[2025-05-29T08:00:54.736+0000] {task_command.py:426} INFO - Running <TaskInstance: mlops_pipeline_orchestrator.execute_batch_pipeline manual__2025-05-29T08:00:20.958214+00:00 [running]> on host 21b210e93619
[2025-05-29T08:00:56.715+0000] {taskinstance.py:2644} INFO - Exporting env vars: AIRFLOW_CTX_DAG_OWNER='mlops-team' AIRFLOW_CTX_DAG_ID='mlops_pipeline_orchestrator' AIRFLOW_CTX_TASK_ID='execute_batch_pipeline' AIRFLOW_CTX_EXECUTION_DATE='2025-05-29T08:00:20.958214+00:00' AIRFLOW_CTX_TRY_NUMBER='1' AIRFLOW_CTX_DAG_RUN_ID='manual__2025-05-29T08:00:20.958214+00:00'
[2025-05-29T08:00:56.727+0000] {taskinstance.py:430} INFO - ::endgroup::
[2025-05-29T08:00:56.952+0000] {logging_mixin.py:188} INFO - 🚀 Iniciando procesamiento de batches...
[2025-05-29T08:00:56.952+0000] {logging_mixin.py:188} INFO - 
📦 PROCESANDO BATCH 1
[2025-05-29T08:00:56.953+0000] {logging_mixin.py:188} INFO - 🔄 Ejecutando DAG1 para batch 1...
[2025-05-29T08:31:08.206+0000] {logging_mixin.py:188} INFO - ❌ Error procesando batch 1: DAG1 timeout para batch 1
[2025-05-29T08:31:08.219+0000] {taskinstance.py:441} INFO - ::group::Post task execution logs
[2025-05-29T08:31:08.235+0000] {taskinstance.py:2890} ERROR - Task failed with exception
Traceback (most recent call last):
  File "/home/airflow/.local/lib/python3.8/site-packages/airflow/models/taskinstance.py", line 465, in _execute_task
    result = _execute_callable(context=context, **execute_callable_kwargs)
  File "/home/airflow/.local/lib/python3.8/site-packages/airflow/models/taskinstance.py", line 432, in _execute_callable
    return execute_callable(context=context, **execute_callable_kwargs)
  File "/home/airflow/.local/lib/python3.8/site-packages/airflow/models/baseoperator.py", line 400, in wrapper
    return func(self, *args, **kwargs)
  File "/home/airflow/.local/lib/python3.8/site-packages/airflow/operators/python.py", line 235, in execute
    return_value = self.execute_callable()
  File "/home/airflow/.local/lib/python3.8/site-packages/airflow/operators/python.py", line 252, in execute_callable
    return self.python_callable(*self.op_args, **self.op_kwargs)
  File "/opt/airflow/dags/orchestrator.py", line 115, in execute_batch_pipeline
    raise Exception(f"DAG1 timeout para batch {batch_number}")
Exception: DAG1 timeout para batch 1
[2025-05-29T08:31:08.375+0000] {taskinstance.py:1205} INFO - Marking task as UP_FOR_RETRY. dag_id=mlops_pipeline_orchestrator, task_id=execute_batch_pipeline, execution_date=20250529T080020, start_date=20250529T080053, end_date=20250529T083108
[2025-05-29T08:31:08.503+0000] {standard_task_runner.py:110} ERROR - Failed to execute job 79 for task execute_batch_pipeline (DAG1 timeout para batch 1; 4011)
[2025-05-29T08:31:08.618+0000] {local_task_job_runner.py:240} INFO - Task exited with return code 1
[2025-05-29T08:31:09.023+0000] {taskinstance.py:3482} INFO - 0 downstream tasks scheduled from follow-on schedule check
[2025-05-29T08:31:09.039+0000] {local_task_job_runner.py:222} INFO - ::endgroup::
