[2025-05-29T20:15:02.911+0000] {local_task_job_runner.py:120} INFO - ::group::Pre task execution logs
[2025-05-29T20:15:03.010+0000] {taskinstance.py:2073} INFO - Dependencies all met for dep_context=non-requeueable deps ti=<TaskInstance: mlops_pipeline_orchestrator.execute_batch_pipeline manual__2025-05-29T20:14:42.101621+00:00 [queued]>
[2025-05-29T20:15:03.038+0000] {taskinstance.py:2073} INFO - Dependencies all met for dep_context=requeueable deps ti=<TaskInstance: mlops_pipeline_orchestrator.execute_batch_pipeline manual__2025-05-29T20:14:42.101621+00:00 [queued]>
[2025-05-29T20:15:03.038+0000] {taskinstance.py:2303} INFO - Starting attempt 1 of 2
[2025-05-29T20:15:03.064+0000] {taskinstance.py:2327} INFO - Executing <Task(PythonOperator): execute_batch_pipeline> on 2025-05-29 20:14:42.101621+00:00
[2025-05-29T20:15:03.081+0000] {standard_task_runner.py:63} INFO - Started process 135 to run task
[2025-05-29T20:15:03.100+0000] {standard_task_runner.py:90} INFO - Running: ['airflow', 'tasks', 'run', 'mlops_pipeline_orchestrator', 'execute_batch_pipeline', 'manual__2025-05-29T20:14:42.101621+00:00', '--job-id', '202', '--raw', '--subdir', 'DAGS_FOLDER/orchestrator.py', '--cfg-path', '/tmp/tmpw5bxihc9']
[2025-05-29T20:15:03.105+0000] {standard_task_runner.py:91} INFO - Job 202: Subtask execute_batch_pipeline
[2025-05-29T20:15:03.278+0000] {task_command.py:426} INFO - Running <TaskInstance: mlops_pipeline_orchestrator.execute_batch_pipeline manual__2025-05-29T20:14:42.101621+00:00 [running]> on host 21b210e93619
[2025-05-29T20:15:03.591+0000] {taskinstance.py:2644} INFO - Exporting env vars: AIRFLOW_CTX_DAG_OWNER='mlops-team' AIRFLOW_CTX_DAG_ID='mlops_pipeline_orchestrator' AIRFLOW_CTX_TASK_ID='execute_batch_pipeline' AIRFLOW_CTX_EXECUTION_DATE='2025-05-29T20:14:42.101621+00:00' AIRFLOW_CTX_TRY_NUMBER='1' AIRFLOW_CTX_DAG_RUN_ID='manual__2025-05-29T20:14:42.101621+00:00'
[2025-05-29T20:15:03.597+0000] {taskinstance.py:430} INFO - ::endgroup::
[2025-05-29T20:15:03.637+0000] {logging_mixin.py:188} INFO - 🚀 Iniciando procesamiento de batches...
[2025-05-29T20:15:03.637+0000] {logging_mixin.py:188} INFO - 
🔄 PROCESANDO BATCH 1
[2025-05-29T20:15:03.637+0000] {logging_mixin.py:188} INFO - 📊 Ejecutando DAG1 para batch 1...
[2025-05-29T20:18:04.801+0000] {logging_mixin.py:188} INFO - ✅ DAG1 completado exitosamente para batch 1
[2025-05-29T20:18:04.804+0000] {logging_mixin.py:188} INFO - ⚙️ Ejecutando DAG2 para batch 1...
[2025-05-29T20:19:05.623+0000] {logging_mixin.py:188} INFO - ✅ DAG2 completado exitosamente para batch 1
[2025-05-29T20:19:05.625+0000] {logging_mixin.py:188} INFO - 🤖 Ejecutando DAG3 para batch 1...
[2025-05-29T20:20:06.255+0000] {logging_mixin.py:188} INFO - ✅ DAG3 completado exitosamente para batch 1
[2025-05-29T20:20:06.380+0000] {base.py:84} INFO - Using connection ID 'postgres_raw_data' for task execution.
[2025-05-29T20:20:06.446+0000] {sql.py:457} INFO - Running statement: SELECT COUNT(*) FROM raw_data.api_data_batch_1;, parameters: None
[2025-05-29T20:20:06.473+0000] {sql.py:466} INFO - Rows affected: 1
[2025-05-29T20:20:06.475+0000] {warnings.py:109} WARNING - /home/airflow/.local/lib/python3.8/site-packages/airflow/providers/common/sql/hooks/sql.py:407: AirflowProviderDeprecationWarning: Call to deprecated method _make_common_data_structure. (The `_make_serializable` method is deprecated and support will be removed in a future version of the common.sql provider. Please update the DbApiHook's provider to a version based on common.sql >= 1.9.1.)
  result = self._make_common_data_structure(handler(cur))

[2025-05-29T20:20:06.480+0000] {logging_mixin.py:188} INFO - 📊 Batch 1: 73,784 registros procesados
[2025-05-29T20:20:06.480+0000] {logging_mixin.py:188} INFO - 
🔄 PROCESANDO BATCH 2
[2025-05-29T20:20:06.480+0000] {logging_mixin.py:188} INFO - 📊 Ejecutando DAG1 para batch 2...
[2025-05-29T20:23:37.916+0000] {logging_mixin.py:188} INFO - ✅ DAG1 completado exitosamente para batch 2
[2025-05-29T20:23:37.920+0000] {logging_mixin.py:188} INFO - ⚙️ Ejecutando DAG2 para batch 2...
[2025-05-29T20:24:38.490+0000] {logging_mixin.py:188} INFO - ✅ DAG2 completado exitosamente para batch 2
[2025-05-29T20:24:38.494+0000] {logging_mixin.py:188} INFO - 🤖 Ejecutando DAG3 para batch 2...
[2025-05-29T20:25:09.006+0000] {logging_mixin.py:188} INFO - ✅ DAG3 completado exitosamente para batch 2
[2025-05-29T20:25:09.146+0000] {base.py:84} INFO - Using connection ID 'postgres_raw_data' for task execution.
[2025-05-29T20:25:09.234+0000] {sql.py:457} INFO - Running statement: SELECT COUNT(*) FROM raw_data.api_data_batch_2;, parameters: None
[2025-05-29T20:25:09.289+0000] {sql.py:466} INFO - Rows affected: 1
[2025-05-29T20:25:09.293+0000] {logging_mixin.py:188} INFO - 📊 Batch 2: 94,551 registros procesados
[2025-05-29T20:25:09.293+0000] {logging_mixin.py:188} INFO - 
🔄 PROCESANDO BATCH 3
[2025-05-29T20:25:09.299+0000] {logging_mixin.py:188} INFO - 📊 Ejecutando DAG1 para batch 3...
[2025-05-29T20:29:41.000+0000] {logging_mixin.py:188} INFO - ✅ DAG1 completado exitosamente para batch 3
[2025-05-29T20:29:41.005+0000] {logging_mixin.py:188} INFO - ⚙️ Ejecutando DAG2 para batch 3...
[2025-05-29T20:30:41.353+0000] {logging_mixin.py:188} INFO - ✅ DAG2 completado exitosamente para batch 3
[2025-05-29T20:30:41.354+0000] {logging_mixin.py:188} INFO - 🤖 Ejecutando DAG3 para batch 3...
[2025-05-29T20:31:41.724+0000] {logging_mixin.py:188} INFO - ✅ DAG3 completado exitosamente para batch 3
[2025-05-29T20:31:41.861+0000] {base.py:84} INFO - Using connection ID 'postgres_raw_data' for task execution.
[2025-05-29T20:31:41.900+0000] {sql.py:457} INFO - Running statement: SELECT COUNT(*) FROM raw_data.api_data_batch_3;, parameters: None
[2025-05-29T20:31:42.112+0000] {sql.py:466} INFO - Rows affected: 1
[2025-05-29T20:31:42.124+0000] {logging_mixin.py:188} INFO - 📊 Batch 3: 230,366 registros procesados
[2025-05-29T20:31:42.125+0000] {logging_mixin.py:188} INFO - 
🔄 PROCESANDO BATCH 4
[2025-05-29T20:31:42.126+0000] {logging_mixin.py:188} INFO - 📊 Ejecutando DAG1 para batch 4...
[2025-05-29T20:32:12.806+0000] {logging_mixin.py:188} INFO - ✅ DAG1 completado exitosamente para batch 4
[2025-05-29T20:32:12.809+0000] {logging_mixin.py:188} INFO - ⚙️ Ejecutando DAG2 para batch 4...
[2025-05-29T20:32:43.226+0000] {logging_mixin.py:188} INFO - ✅ DAG2 completado exitosamente para batch 4
[2025-05-29T20:32:43.234+0000] {logging_mixin.py:188} INFO - 🤖 Ejecutando DAG3 para batch 4...
[2025-05-29T20:33:13.478+0000] {logging_mixin.py:188} INFO - ✅ DAG3 completado exitosamente para batch 4
[2025-05-29T20:33:13.521+0000] {base.py:84} INFO - Using connection ID 'postgres_raw_data' for task execution.
[2025-05-29T20:33:13.549+0000] {sql.py:457} INFO - Running statement: SELECT COUNT(*) FROM raw_data.api_data_batch_4;, parameters: None
[2025-05-29T20:33:13.553+0000] {sql.py:466} INFO - Rows affected: 1
[2025-05-29T20:33:13.556+0000] {logging_mixin.py:188} INFO - 📊 Batch 4: 4,055 registros procesados
[2025-05-29T20:33:13.557+0000] {logging_mixin.py:188} INFO - 
🔄 PROCESANDO BATCH 5
[2025-05-29T20:33:13.557+0000] {logging_mixin.py:188} INFO - 📊 Ejecutando DAG1 para batch 5...
[2025-05-29T20:36:47.200+0000] {logging_mixin.py:188} INFO - ✅ DAG1 completado exitosamente para batch 5
[2025-05-29T20:36:47.204+0000] {logging_mixin.py:188} INFO - ⚙️ Ejecutando DAG2 para batch 5...
[2025-05-29T20:37:47.513+0000] {logging_mixin.py:188} INFO - ✅ DAG2 completado exitosamente para batch 5
[2025-05-29T20:37:47.514+0000] {logging_mixin.py:188} INFO - 🤖 Ejecutando DAG3 para batch 5...
[2025-05-29T20:38:47.811+0000] {logging_mixin.py:188} INFO - ✅ DAG3 completado exitosamente para batch 5
[2025-05-29T20:38:47.846+0000] {base.py:84} INFO - Using connection ID 'postgres_raw_data' for task execution.
[2025-05-29T20:38:47.878+0000] {sql.py:457} INFO - Running statement: SELECT COUNT(*) FROM raw_data.api_data_batch_5;, parameters: None
[2025-05-29T20:38:47.945+0000] {sql.py:466} INFO - Rows affected: 1
[2025-05-29T20:38:47.951+0000] {logging_mixin.py:188} INFO - 📊 Batch 5: 320,696 registros procesados
[2025-05-29T20:38:47.951+0000] {logging_mixin.py:188} INFO - 
🔄 PROCESANDO BATCH 6
[2025-05-29T20:38:47.952+0000] {logging_mixin.py:188} INFO - 📊 Ejecutando DAG1 para batch 6...
[2025-05-29T20:43:18.982+0000] {logging_mixin.py:188} INFO - ✅ DAG1 completado exitosamente para batch 6
[2025-05-29T20:43:18.986+0000] {logging_mixin.py:188} INFO - ⚙️ Ejecutando DAG2 para batch 6...
[2025-05-29T20:44:49.901+0000] {logging_mixin.py:188} INFO - ✅ DAG2 completado exitosamente para batch 6
[2025-05-29T20:44:49.906+0000] {logging_mixin.py:188} INFO - 🤖 Ejecutando DAG3 para batch 6...
[2025-05-29T20:45:50.873+0000] {logging_mixin.py:188} INFO - ✅ DAG3 completado exitosamente para batch 6
[2025-05-29T20:45:50.904+0000] {base.py:84} INFO - Using connection ID 'postgres_raw_data' for task execution.
[2025-05-29T20:45:50.929+0000] {sql.py:457} INFO - Running statement: SELECT COUNT(*) FROM raw_data.api_data_batch_6;, parameters: None
[2025-05-29T20:45:50.996+0000] {sql.py:466} INFO - Rows affected: 1
[2025-05-29T20:45:51.000+0000] {logging_mixin.py:188} INFO - 📊 Batch 6: 361,457 registros procesados
[2025-05-29T20:45:51.000+0000] {logging_mixin.py:188} INFO - 
🔄 PROCESANDO BATCH 7
[2025-05-29T20:45:51.000+0000] {logging_mixin.py:188} INFO - 📊 Ejecutando DAG1 para batch 7...
[2025-05-29T20:51:22.177+0000] {logging_mixin.py:188} INFO - 🏁 Fin de batches detectado en batch 7
[2025-05-29T20:51:22.178+0000] {logging_mixin.py:188} INFO - 
📊 RESUMEN FINAL DEL PIPELINE:
[2025-05-29T20:51:22.178+0000] {logging_mixin.py:188} INFO -    📊 Batches procesados exitosamente: 6
[2025-05-29T20:51:22.178+0000] {logging_mixin.py:188} INFO -    📊 Total registros procesados: 1,084,909
[2025-05-29T20:51:22.179+0000] {logging_mixin.py:188} INFO -    ⏱️ Tiempo total: 2178.54 segundos
[2025-05-29T20:51:22.179+0000] {logging_mixin.py:188} INFO -    🚀 Velocidad promedio: 498 registros/seg
[2025-05-29T20:51:22.179+0000] {logging_mixin.py:188} INFO -    📊 Tablas creadas:
[2025-05-29T20:51:22.179+0000] {logging_mixin.py:188} INFO -      - raw_data.api_data_batch_1
[2025-05-29T20:51:22.180+0000] {logging_mixin.py:188} INFO -      - raw_data.api_data_batch_1_processed
[2025-05-29T20:51:22.183+0000] {logging_mixin.py:188} INFO -      - MLflow: lasso_training_batch_1
[2025-05-29T20:51:22.183+0000] {logging_mixin.py:188} INFO -      - raw_data.api_data_batch_2
[2025-05-29T20:51:22.185+0000] {logging_mixin.py:188} INFO -      - raw_data.api_data_batch_2_processed
[2025-05-29T20:51:22.185+0000] {logging_mixin.py:188} INFO -      - MLflow: lasso_training_batch_2
[2025-05-29T20:51:22.185+0000] {logging_mixin.py:188} INFO -      - raw_data.api_data_batch_3
[2025-05-29T20:51:22.185+0000] {logging_mixin.py:188} INFO -      - raw_data.api_data_batch_3_processed
[2025-05-29T20:51:22.186+0000] {logging_mixin.py:188} INFO -      - MLflow: lasso_training_batch_3
[2025-05-29T20:51:22.187+0000] {logging_mixin.py:188} INFO -      - raw_data.api_data_batch_4
[2025-05-29T20:51:22.187+0000] {logging_mixin.py:188} INFO -      - raw_data.api_data_batch_4_processed
[2025-05-29T20:51:22.188+0000] {logging_mixin.py:188} INFO -      - MLflow: lasso_training_batch_4
[2025-05-29T20:51:22.188+0000] {logging_mixin.py:188} INFO -      - raw_data.api_data_batch_5
[2025-05-29T20:51:22.188+0000] {logging_mixin.py:188} INFO -      - raw_data.api_data_batch_5_processed
[2025-05-29T20:51:22.188+0000] {logging_mixin.py:188} INFO -      - MLflow: lasso_training_batch_5
[2025-05-29T20:51:22.189+0000] {logging_mixin.py:188} INFO -      - raw_data.api_data_batch_6
[2025-05-29T20:51:22.189+0000] {logging_mixin.py:188} INFO -      - raw_data.api_data_batch_6_processed
[2025-05-29T20:51:22.190+0000] {logging_mixin.py:188} INFO -      - MLflow: lasso_training_batch_6
[2025-05-29T20:51:22.192+0000] {python.py:237} INFO - Done. Returned value was: None
[2025-05-29T20:51:22.194+0000] {taskinstance.py:441} INFO - ::group::Post task execution logs
[2025-05-29T20:51:22.236+0000] {taskinstance.py:1205} INFO - Marking task as SUCCESS. dag_id=mlops_pipeline_orchestrator, task_id=execute_batch_pipeline, execution_date=20250529T201442, start_date=20250529T201503, end_date=20250529T205122
[2025-05-29T20:51:22.346+0000] {local_task_job_runner.py:240} INFO - Task exited with return code 0
[2025-05-29T20:51:22.434+0000] {taskinstance.py:3482} INFO - 0 downstream tasks scheduled from follow-on schedule check
[2025-05-29T20:51:22.439+0000] {local_task_job_runner.py:222} INFO - ::endgroup::
