[2025-05-29T10:52:43.643+0000] {local_task_job_runner.py:120} INFO - ::group::Pre task execution logs
[2025-05-29T10:52:43.720+0000] {taskinstance.py:2073} INFO - Dependencies all met for dep_context=non-requeueable deps ti=<TaskInstance: mlops_pipeline_orchestrator.execute_batch_pipeline manual__2025-05-29T10:52:26.764151+00:00 [queued]>
[2025-05-29T10:52:43.744+0000] {taskinstance.py:2073} INFO - Dependencies all met for dep_context=requeueable deps ti=<TaskInstance: mlops_pipeline_orchestrator.execute_batch_pipeline manual__2025-05-29T10:52:26.764151+00:00 [queued]>
[2025-05-29T10:52:43.746+0000] {taskinstance.py:2303} INFO - Starting attempt 1 of 2
[2025-05-29T10:52:43.768+0000] {taskinstance.py:2327} INFO - Executing <Task(PythonOperator): execute_batch_pipeline> on 2025-05-29 10:52:26.764151+00:00
[2025-05-29T10:52:43.792+0000] {standard_task_runner.py:63} INFO - Started process 6788 to run task
[2025-05-29T10:52:43.812+0000] {standard_task_runner.py:90} INFO - Running: ['airflow', 'tasks', 'run', 'mlops_pipeline_orchestrator', 'execute_batch_pipeline', 'manual__2025-05-29T10:52:26.764151+00:00', '--job-id', '119', '--raw', '--subdir', 'DAGS_FOLDER/orchestrator.py', '--cfg-path', '/tmp/tmpt4psasmi']
[2025-05-29T10:52:43.818+0000] {standard_task_runner.py:91} INFO - Job 119: Subtask execute_batch_pipeline
[2025-05-29T10:52:44.113+0000] {task_command.py:426} INFO - Running <TaskInstance: mlops_pipeline_orchestrator.execute_batch_pipeline manual__2025-05-29T10:52:26.764151+00:00 [running]> on host 21b210e93619
[2025-05-29T10:52:44.517+0000] {taskinstance.py:2644} INFO - Exporting env vars: AIRFLOW_CTX_DAG_OWNER='mlops-team' AIRFLOW_CTX_DAG_ID='mlops_pipeline_orchestrator' AIRFLOW_CTX_TASK_ID='execute_batch_pipeline' AIRFLOW_CTX_EXECUTION_DATE='2025-05-29T10:52:26.764151+00:00' AIRFLOW_CTX_TRY_NUMBER='1' AIRFLOW_CTX_DAG_RUN_ID='manual__2025-05-29T10:52:26.764151+00:00'
[2025-05-29T10:52:44.521+0000] {taskinstance.py:430} INFO - ::endgroup::
[2025-05-29T10:52:44.549+0000] {logging_mixin.py:188} INFO - 🚀 Iniciando procesamiento de batches...
[2025-05-29T10:52:44.550+0000] {logging_mixin.py:188} INFO - 
📦 PROCESANDO BATCH 1
[2025-05-29T10:52:44.550+0000] {logging_mixin.py:188} INFO - 🔄 Ejecutando DAG1 para batch 1...
[2025-05-29T10:55:15.483+0000] {logging_mixin.py:188} INFO - ✅ DAG1 completado exitosamente para batch 1
[2025-05-29T10:55:15.490+0000] {logging_mixin.py:188} INFO - 🔄 Ejecutando DAG2 para batch 1...
[2025-05-29T10:56:16.150+0000] {logging_mixin.py:188} INFO - ✅ DAG2 completado exitosamente para batch 1
[2025-05-29T10:56:16.267+0000] {base.py:84} INFO - Using connection ID 'postgres_raw_data' for task execution.
[2025-05-29T10:56:16.386+0000] {sql.py:457} INFO - Running statement: SELECT COUNT(*) FROM raw_data.api_data_batch_1;, parameters: None
[2025-05-29T10:56:16.514+0000] {sql.py:466} INFO - Rows affected: 1
[2025-05-29T10:56:16.522+0000] {warnings.py:109} WARNING - /home/airflow/.local/lib/python3.8/site-packages/airflow/providers/common/sql/hooks/sql.py:407: AirflowProviderDeprecationWarning: Call to deprecated method _make_common_data_structure. (The `_make_serializable` method is deprecated and support will be removed in a future version of the common.sql provider. Please update the DbApiHook's provider to a version based on common.sql >= 1.9.1.)
  result = self._make_common_data_structure(handler(cur))

[2025-05-29T10:56:16.530+0000] {logging_mixin.py:188} INFO - 📊 Batch 1: 73,784 registros procesados
[2025-05-29T10:56:16.532+0000] {logging_mixin.py:188} INFO - 
📦 PROCESANDO BATCH 2
[2025-05-29T10:56:16.533+0000] {logging_mixin.py:188} INFO - 🔄 Ejecutando DAG1 para batch 2...
[2025-05-29T10:59:17.939+0000] {logging_mixin.py:188} INFO - ✅ DAG1 completado exitosamente para batch 2
[2025-05-29T10:59:17.942+0000] {logging_mixin.py:188} INFO - 🔄 Ejecutando DAG2 para batch 2...
[2025-05-29T11:00:18.696+0000] {logging_mixin.py:188} INFO - ✅ DAG2 completado exitosamente para batch 2
[2025-05-29T11:00:18.768+0000] {base.py:84} INFO - Using connection ID 'postgres_raw_data' for task execution.
[2025-05-29T11:00:18.820+0000] {sql.py:457} INFO - Running statement: SELECT COUNT(*) FROM raw_data.api_data_batch_2;, parameters: None
[2025-05-29T11:00:18.849+0000] {sql.py:466} INFO - Rows affected: 1
[2025-05-29T11:00:18.855+0000] {logging_mixin.py:188} INFO - 📊 Batch 2: 94,551 registros procesados
[2025-05-29T11:00:18.856+0000] {logging_mixin.py:188} INFO - 
📦 PROCESANDO BATCH 3
[2025-05-29T11:00:18.856+0000] {logging_mixin.py:188} INFO - 🔄 Ejecutando DAG1 para batch 3...
[2025-05-29T11:10:53.863+0000] {logging_mixin.py:188} INFO - ✅ DAG1 completado exitosamente para batch 3
[2025-05-29T11:10:53.888+0000] {logging_mixin.py:188} INFO - 🔄 Ejecutando DAG2 para batch 3...
[2025-05-29T11:12:54.792+0000] {logging_mixin.py:188} INFO - ✅ DAG2 completado exitosamente para batch 3
[2025-05-29T11:12:54.877+0000] {base.py:84} INFO - Using connection ID 'postgres_raw_data' for task execution.
[2025-05-29T11:12:54.940+0000] {sql.py:457} INFO - Running statement: SELECT COUNT(*) FROM raw_data.api_data_batch_3;, parameters: None
[2025-05-29T11:12:55.009+0000] {sql.py:466} INFO - Rows affected: 1
[2025-05-29T11:12:55.013+0000] {logging_mixin.py:188} INFO - 📊 Batch 3: 230,366 registros procesados
[2025-05-29T11:12:55.014+0000] {logging_mixin.py:188} INFO - 
📦 PROCESANDO BATCH 4
[2025-05-29T11:12:55.014+0000] {logging_mixin.py:188} INFO - 🔄 Ejecutando DAG1 para batch 4...
[2025-05-29T11:13:25.645+0000] {logging_mixin.py:188} INFO - ✅ DAG1 completado exitosamente para batch 4
[2025-05-29T11:13:25.646+0000] {logging_mixin.py:188} INFO - 🔄 Ejecutando DAG2 para batch 4...
[2025-05-29T11:13:56.365+0000] {logging_mixin.py:188} INFO - ✅ DAG2 completado exitosamente para batch 4
[2025-05-29T11:13:56.460+0000] {base.py:84} INFO - Using connection ID 'postgres_raw_data' for task execution.
[2025-05-29T11:13:56.523+0000] {sql.py:457} INFO - Running statement: SELECT COUNT(*) FROM raw_data.api_data_batch_4;, parameters: None
[2025-05-29T11:13:56.532+0000] {sql.py:466} INFO - Rows affected: 1
[2025-05-29T11:13:56.534+0000] {logging_mixin.py:188} INFO - 📊 Batch 4: 4,055 registros procesados
[2025-05-29T11:13:56.538+0000] {logging_mixin.py:188} INFO - 
📦 PROCESANDO BATCH 5
[2025-05-29T11:13:56.538+0000] {logging_mixin.py:188} INFO - 🔄 Ejecutando DAG1 para batch 5...
[2025-05-29T11:27:05.986+0000] {logging_mixin.py:188} INFO - ✅ DAG1 completado exitosamente para batch 5
[2025-05-29T11:27:06.059+0000] {logging_mixin.py:188} INFO - 🔄 Ejecutando DAG2 para batch 5...
[2025-05-29T11:29:06.913+0000] {logging_mixin.py:188} INFO - ✅ DAG2 completado exitosamente para batch 5
[2025-05-29T11:29:06.962+0000] {base.py:84} INFO - Using connection ID 'postgres_raw_data' for task execution.
[2025-05-29T11:29:06.995+0000] {sql.py:457} INFO - Running statement: SELECT COUNT(*) FROM raw_data.api_data_batch_5;, parameters: None
[2025-05-29T11:29:07.151+0000] {sql.py:466} INFO - Rows affected: 1
[2025-05-29T11:29:07.173+0000] {logging_mixin.py:188} INFO - 📊 Batch 5: 320,696 registros procesados
[2025-05-29T11:29:07.174+0000] {logging_mixin.py:188} INFO - 
📦 PROCESANDO BATCH 6
[2025-05-29T11:29:07.181+0000] {logging_mixin.py:188} INFO - 🔄 Ejecutando DAG1 para batch 6...
[2025-05-29T11:48:19.118+0000] {logging_mixin.py:188} INFO - ❌ Error procesando batch 6: (psycopg2.OperationalError) connection to server at "10.43.101.166", port 5433 failed: server closed the connection unexpectedly
	This probably means the server terminated abnormally
	before or while processing the request.

(Background on this error at: https://sqlalche.me/e/14/e3q8)
[2025-05-29T11:48:20.912+0000] {taskinstance.py:441} INFO - ::group::Post task execution logs
[2025-05-29T11:48:20.914+0000] {taskinstance.py:2890} ERROR - Task failed with exception
Traceback (most recent call last):
  File "/home/airflow/.local/lib/python3.8/site-packages/sqlalchemy/engine/base.py", line 3371, in _wrap_pool_connect
    return fn()
  File "/home/airflow/.local/lib/python3.8/site-packages/sqlalchemy/pool/base.py", line 327, in connect
    return _ConnectionFairy._checkout(self)
  File "/home/airflow/.local/lib/python3.8/site-packages/sqlalchemy/pool/base.py", line 894, in _checkout
    fairy = _ConnectionRecord.checkout(pool)
  File "/home/airflow/.local/lib/python3.8/site-packages/sqlalchemy/pool/base.py", line 493, in checkout
    rec = pool._do_get()
  File "/home/airflow/.local/lib/python3.8/site-packages/sqlalchemy/pool/impl.py", line 256, in _do_get
    return self._create_connection()
  File "/home/airflow/.local/lib/python3.8/site-packages/sqlalchemy/pool/base.py", line 273, in _create_connection
    return _ConnectionRecord(self)
  File "/home/airflow/.local/lib/python3.8/site-packages/sqlalchemy/pool/base.py", line 388, in __init__
    self.__connect()
  File "/home/airflow/.local/lib/python3.8/site-packages/sqlalchemy/pool/base.py", line 691, in __connect
    pool.logger.debug("Error on connect(): %s", e)
  File "/home/airflow/.local/lib/python3.8/site-packages/sqlalchemy/util/langhelpers.py", line 70, in __exit__
    compat.raise_(
  File "/home/airflow/.local/lib/python3.8/site-packages/sqlalchemy/util/compat.py", line 211, in raise_
    raise exception
  File "/home/airflow/.local/lib/python3.8/site-packages/sqlalchemy/pool/base.py", line 686, in __connect
    self.dbapi_connection = connection = pool._invoke_creator(self)
  File "/home/airflow/.local/lib/python3.8/site-packages/sqlalchemy/engine/create.py", line 574, in connect
    return dialect.connect(*cargs, **cparams)
  File "/home/airflow/.local/lib/python3.8/site-packages/sqlalchemy/engine/default.py", line 598, in connect
    return self.dbapi.connect(*cargs, **cparams)
  File "/home/airflow/.local/lib/python3.8/site-packages/psycopg2/__init__.py", line 122, in connect
    conn = _connect(dsn, connection_factory=connection_factory, **kwasync)
psycopg2.OperationalError: connection to server at "10.43.101.166", port 5433 failed: server closed the connection unexpectedly
	This probably means the server terminated abnormally
	before or while processing the request.


The above exception was the direct cause of the following exception:

Traceback (most recent call last):
  File "/home/airflow/.local/lib/python3.8/site-packages/airflow/models/taskinstance.py", line 465, in _execute_task
    result = _execute_callable(context=context, **execute_callable_kwargs)
  File "/home/airflow/.local/lib/python3.8/site-packages/airflow/models/taskinstance.py", line 432, in _execute_callable
    return execute_callable(context=context, **execute_callable_kwargs)
  File "/home/airflow/.local/lib/python3.8/site-packages/airflow/models/baseoperator.py", line 400, in wrapper
    return func(self, *args, **kwargs)
  File "/home/airflow/.local/lib/python3.8/site-packages/airflow/operators/python.py", line 235, in execute
    return_value = self.execute_callable()
  File "/home/airflow/.local/lib/python3.8/site-packages/airflow/operators/python.py", line 252, in execute_callable
    return self.python_callable(*self.op_args, **self.op_kwargs)
  File "/opt/airflow/dags/orchestrator.py", line 101, in execute_batch_pipeline
    dag_run = DagRun.find(dag_id=DAG1_ID, execution_date=dag1_run.execution_date)[0]
  File "/home/airflow/.local/lib/python3.8/site-packages/airflow/utils/session.py", line 79, in wrapper
    return func(*args, session=session, **kwargs)
  File "/home/airflow/.local/lib/python3.8/site-packages/airflow/models/dagrun.py", line 493, in find
    return session.scalars(qry.order_by(cls.execution_date)).all()
  File "/home/airflow/.local/lib/python3.8/site-packages/sqlalchemy/orm/session.py", line 1778, in scalars
    return self.execute(
  File "/home/airflow/.local/lib/python3.8/site-packages/sqlalchemy/orm/session.py", line 1716, in execute
    conn = self._connection_for_bind(bind)
  File "/home/airflow/.local/lib/python3.8/site-packages/sqlalchemy/orm/session.py", line 1555, in _connection_for_bind
    return self._transaction._connection_for_bind(
  File "/home/airflow/.local/lib/python3.8/site-packages/sqlalchemy/orm/session.py", line 750, in _connection_for_bind
    conn = bind.connect()
  File "/home/airflow/.local/lib/python3.8/site-packages/sqlalchemy/future/engine.py", line 412, in connect
    return super(Engine, self).connect()
  File "/home/airflow/.local/lib/python3.8/site-packages/sqlalchemy/engine/base.py", line 3325, in connect
    return self._connection_cls(self, close_with_result=close_with_result)
  File "/home/airflow/.local/lib/python3.8/site-packages/sqlalchemy/engine/base.py", line 96, in __init__
    else engine.raw_connection()
  File "/home/airflow/.local/lib/python3.8/site-packages/sqlalchemy/engine/base.py", line 3404, in raw_connection
    return self._wrap_pool_connect(self.pool.connect, _connection)
  File "/home/airflow/.local/lib/python3.8/site-packages/sqlalchemy/engine/base.py", line 3374, in _wrap_pool_connect
    Connection._handle_dbapi_exception_noconnection(
  File "/home/airflow/.local/lib/python3.8/site-packages/sqlalchemy/engine/base.py", line 2208, in _handle_dbapi_exception_noconnection
    util.raise_(
  File "/home/airflow/.local/lib/python3.8/site-packages/sqlalchemy/util/compat.py", line 211, in raise_
    raise exception
  File "/home/airflow/.local/lib/python3.8/site-packages/sqlalchemy/engine/base.py", line 3371, in _wrap_pool_connect
    return fn()
  File "/home/airflow/.local/lib/python3.8/site-packages/sqlalchemy/pool/base.py", line 327, in connect
    return _ConnectionFairy._checkout(self)
  File "/home/airflow/.local/lib/python3.8/site-packages/sqlalchemy/pool/base.py", line 894, in _checkout
    fairy = _ConnectionRecord.checkout(pool)
  File "/home/airflow/.local/lib/python3.8/site-packages/sqlalchemy/pool/base.py", line 493, in checkout
    rec = pool._do_get()
  File "/home/airflow/.local/lib/python3.8/site-packages/sqlalchemy/pool/impl.py", line 256, in _do_get
    return self._create_connection()
  File "/home/airflow/.local/lib/python3.8/site-packages/sqlalchemy/pool/base.py", line 273, in _create_connection
    return _ConnectionRecord(self)
  File "/home/airflow/.local/lib/python3.8/site-packages/sqlalchemy/pool/base.py", line 388, in __init__
    self.__connect()
  File "/home/airflow/.local/lib/python3.8/site-packages/sqlalchemy/pool/base.py", line 691, in __connect
    pool.logger.debug("Error on connect(): %s", e)
  File "/home/airflow/.local/lib/python3.8/site-packages/sqlalchemy/util/langhelpers.py", line 70, in __exit__
    compat.raise_(
  File "/home/airflow/.local/lib/python3.8/site-packages/sqlalchemy/util/compat.py", line 211, in raise_
    raise exception
  File "/home/airflow/.local/lib/python3.8/site-packages/sqlalchemy/pool/base.py", line 686, in __connect
    self.dbapi_connection = connection = pool._invoke_creator(self)
  File "/home/airflow/.local/lib/python3.8/site-packages/sqlalchemy/engine/create.py", line 574, in connect
    return dialect.connect(*cargs, **cparams)
  File "/home/airflow/.local/lib/python3.8/site-packages/sqlalchemy/engine/default.py", line 598, in connect
    return self.dbapi.connect(*cargs, **cparams)
  File "/home/airflow/.local/lib/python3.8/site-packages/psycopg2/__init__.py", line 122, in connect
    conn = _connect(dsn, connection_factory=connection_factory, **kwasync)
sqlalchemy.exc.OperationalError: (psycopg2.OperationalError) connection to server at "10.43.101.166", port 5433 failed: server closed the connection unexpectedly
	This probably means the server terminated abnormally
	before or while processing the request.

(Background on this error at: https://sqlalche.me/e/14/e3q8)
[2025-05-29T11:49:37.204+0000] {taskinstance.py:1205} INFO - Marking task as UP_FOR_RETRY. dag_id=mlops_pipeline_orchestrator, task_id=execute_batch_pipeline, execution_date=20250529T105226, start_date=20250529T105243, end_date=20250529T114937
[2025-05-29T11:49:45.091+0000] {standard_task_runner.py:110} ERROR - Failed to execute job 119 for task execute_batch_pipeline ((psycopg2.OperationalError) server closed the connection unexpectedly
	This probably means the server terminated abnormally
	before or while processing the request.

[SQL: INSERT INTO task_fail (task_id, dag_id, run_id, map_index, start_date, end_date, duration) VALUES (%(task_id)s, %(dag_id)s, %(run_id)s, %(map_index)s, %(start_date)s, %(end_date)s, %(duration)s) RETURNING task_fail.id]
[parameters: {'task_id': 'execute_batch_pipeline', 'dag_id': 'mlops_pipeline_orchestrator', 'run_id': 'manual__2025-05-29T10:52:26.764151+00:00', 'map_index': -1, 'start_date': datetime.datetime(2025, 5, 29, 10, 52, 43, 722261, tzinfo=Timezone('UTC')), 'end_date': datetime.datetime(2025, 5, 29, 11, 49, 37, 201235, tzinfo=Timezone('UTC')), 'duration': 3413}]
(Background on this error at: https://sqlalche.me/e/14/e3q8); 6788)
[2025-05-29T11:49:45.143+0000] {local_task_job_runner.py:240} INFO - Task exited with return code 1
[2025-05-29T11:49:45.161+0000] {taskinstance.py:3488} INFO - Skipping mini scheduling run due to exception: None
Traceback (most recent call last):
  File "/home/airflow/.local/lib/python3.8/site-packages/sqlalchemy/engine/base.py", line 3371, in _wrap_pool_connect
    return fn()
  File "/home/airflow/.local/lib/python3.8/site-packages/sqlalchemy/pool/base.py", line 327, in connect
    return _ConnectionFairy._checkout(self)
  File "/home/airflow/.local/lib/python3.8/site-packages/sqlalchemy/pool/base.py", line 894, in _checkout
    fairy = _ConnectionRecord.checkout(pool)
  File "/home/airflow/.local/lib/python3.8/site-packages/sqlalchemy/pool/base.py", line 493, in checkout
    rec = pool._do_get()
  File "/home/airflow/.local/lib/python3.8/site-packages/sqlalchemy/pool/impl.py", line 256, in _do_get
    return self._create_connection()
  File "/home/airflow/.local/lib/python3.8/site-packages/sqlalchemy/pool/base.py", line 273, in _create_connection
    return _ConnectionRecord(self)
  File "/home/airflow/.local/lib/python3.8/site-packages/sqlalchemy/pool/base.py", line 388, in __init__
    self.__connect()
  File "/home/airflow/.local/lib/python3.8/site-packages/sqlalchemy/pool/base.py", line 691, in __connect
    pool.logger.debug("Error on connect(): %s", e)
  File "/home/airflow/.local/lib/python3.8/site-packages/sqlalchemy/util/langhelpers.py", line 70, in __exit__
    compat.raise_(
  File "/home/airflow/.local/lib/python3.8/site-packages/sqlalchemy/util/compat.py", line 211, in raise_
    raise exception
  File "/home/airflow/.local/lib/python3.8/site-packages/sqlalchemy/pool/base.py", line 686, in __connect
    self.dbapi_connection = connection = pool._invoke_creator(self)
  File "/home/airflow/.local/lib/python3.8/site-packages/sqlalchemy/engine/create.py", line 574, in connect
    return dialect.connect(*cargs, **cparams)
  File "/home/airflow/.local/lib/python3.8/site-packages/sqlalchemy/engine/default.py", line 598, in connect
    return self.dbapi.connect(*cargs, **cparams)
  File "/home/airflow/.local/lib/python3.8/site-packages/psycopg2/__init__.py", line 122, in connect
    conn = _connect(dsn, connection_factory=connection_factory, **kwasync)
psycopg2.OperationalError: connection to server at "10.43.101.166", port 5433 failed: Connection refused
	Is the server running on that host and accepting TCP/IP connections?


The above exception was the direct cause of the following exception:

Traceback (most recent call last):
  File "/home/airflow/.local/lib/python3.8/site-packages/airflow/models/taskinstance.py", line 3436, in _schedule_downstream_tasks
    dag_run = with_row_locks(
  File "/home/airflow/.local/lib/python3.8/site-packages/sqlalchemy/orm/query.py", line 2870, in one
    return self._iter().one()
  File "/home/airflow/.local/lib/python3.8/site-packages/sqlalchemy/orm/query.py", line 2916, in _iter
    result = self.session.execute(
  File "/home/airflow/.local/lib/python3.8/site-packages/sqlalchemy/orm/session.py", line 1716, in execute
    conn = self._connection_for_bind(bind)
  File "/home/airflow/.local/lib/python3.8/site-packages/sqlalchemy/orm/session.py", line 1555, in _connection_for_bind
    return self._transaction._connection_for_bind(
  File "/home/airflow/.local/lib/python3.8/site-packages/sqlalchemy/orm/session.py", line 750, in _connection_for_bind
    conn = bind.connect()
  File "/home/airflow/.local/lib/python3.8/site-packages/sqlalchemy/future/engine.py", line 412, in connect
    return super(Engine, self).connect()
  File "/home/airflow/.local/lib/python3.8/site-packages/sqlalchemy/engine/base.py", line 3325, in connect
    return self._connection_cls(self, close_with_result=close_with_result)
  File "/home/airflow/.local/lib/python3.8/site-packages/sqlalchemy/engine/base.py", line 96, in __init__
    else engine.raw_connection()
  File "/home/airflow/.local/lib/python3.8/site-packages/sqlalchemy/engine/base.py", line 3404, in raw_connection
    return self._wrap_pool_connect(self.pool.connect, _connection)
  File "/home/airflow/.local/lib/python3.8/site-packages/sqlalchemy/engine/base.py", line 3374, in _wrap_pool_connect
    Connection._handle_dbapi_exception_noconnection(
  File "/home/airflow/.local/lib/python3.8/site-packages/sqlalchemy/engine/base.py", line 2208, in _handle_dbapi_exception_noconnection
    util.raise_(
  File "/home/airflow/.local/lib/python3.8/site-packages/sqlalchemy/util/compat.py", line 211, in raise_
    raise exception
  File "/home/airflow/.local/lib/python3.8/site-packages/sqlalchemy/engine/base.py", line 3371, in _wrap_pool_connect
    return fn()
  File "/home/airflow/.local/lib/python3.8/site-packages/sqlalchemy/pool/base.py", line 327, in connect
    return _ConnectionFairy._checkout(self)
  File "/home/airflow/.local/lib/python3.8/site-packages/sqlalchemy/pool/base.py", line 894, in _checkout
    fairy = _ConnectionRecord.checkout(pool)
  File "/home/airflow/.local/lib/python3.8/site-packages/sqlalchemy/pool/base.py", line 493, in checkout
    rec = pool._do_get()
  File "/home/airflow/.local/lib/python3.8/site-packages/sqlalchemy/pool/impl.py", line 256, in _do_get
    return self._create_connection()
  File "/home/airflow/.local/lib/python3.8/site-packages/sqlalchemy/pool/base.py", line 273, in _create_connection
    return _ConnectionRecord(self)
  File "/home/airflow/.local/lib/python3.8/site-packages/sqlalchemy/pool/base.py", line 388, in __init__
    self.__connect()
  File "/home/airflow/.local/lib/python3.8/site-packages/sqlalchemy/pool/base.py", line 691, in __connect
    pool.logger.debug("Error on connect(): %s", e)
  File "/home/airflow/.local/lib/python3.8/site-packages/sqlalchemy/util/langhelpers.py", line 70, in __exit__
    compat.raise_(
  File "/home/airflow/.local/lib/python3.8/site-packages/sqlalchemy/util/compat.py", line 211, in raise_
    raise exception
  File "/home/airflow/.local/lib/python3.8/site-packages/sqlalchemy/pool/base.py", line 686, in __connect
    self.dbapi_connection = connection = pool._invoke_creator(self)
  File "/home/airflow/.local/lib/python3.8/site-packages/sqlalchemy/engine/create.py", line 574, in connect
    return dialect.connect(*cargs, **cparams)
  File "/home/airflow/.local/lib/python3.8/site-packages/sqlalchemy/engine/default.py", line 598, in connect
    return self.dbapi.connect(*cargs, **cparams)
  File "/home/airflow/.local/lib/python3.8/site-packages/psycopg2/__init__.py", line 122, in connect
    conn = _connect(dsn, connection_factory=connection_factory, **kwasync)
sqlalchemy.exc.OperationalError: (psycopg2.OperationalError) connection to server at "10.43.101.166", port 5433 failed: Connection refused
	Is the server running on that host and accepting TCP/IP connections?

(Background on this error at: https://sqlalche.me/e/14/e3q8)
[2025-05-29T11:50:00.834+0000] {local_task_job_runner.py:222} INFO - ::endgroup::
