[2025-05-30T01:42:11.295+0000] {local_task_job_runner.py:120} INFO - ::group::Pre task execution logs
[2025-05-30T01:42:11.798+0000] {taskinstance.py:2073} INFO - Dependencies all met for dep_context=non-requeueable deps ti=<TaskInstance: mlops_pipeline_orchestrator.setup_database manual__2025-05-30T01:42:04.142810+00:00 [queued]>
[2025-05-30T01:42:11.922+0000] {taskinstance.py:2073} INFO - Dependencies all met for dep_context=requeueable deps ti=<TaskInstance: mlops_pipeline_orchestrator.setup_database manual__2025-05-30T01:42:04.142810+00:00 [queued]>
[2025-05-30T01:42:11.928+0000] {taskinstance.py:2303} INFO - Starting attempt 1 of 2
[2025-05-30T01:42:12.162+0000] {taskinstance.py:2327} INFO - Executing <Task(PythonOperator): setup_database> on 2025-05-30 01:42:04.142810+00:00
[2025-05-30T01:42:12.238+0000] {standard_task_runner.py:63} INFO - Started process 6624 to run task
[2025-05-30T01:42:12.282+0000] {standard_task_runner.py:90} INFO - Running: ['airflow', 'tasks', 'run', 'mlops_pipeline_orchestrator', 'setup_database', 'manual__2025-05-30T01:42:04.142810+00:00', '--job-id', '303', '--raw', '--subdir', 'DAGS_FOLDER/orchestrator.py', '--cfg-path', '/tmp/tmp0yhzc0oh']
[2025-05-30T01:42:12.314+0000] {standard_task_runner.py:91} INFO - Job 303: Subtask setup_database
[2025-05-30T01:42:13.519+0000] {task_command.py:426} INFO - Running <TaskInstance: mlops_pipeline_orchestrator.setup_database manual__2025-05-30T01:42:04.142810+00:00 [running]> on host 21b210e93619
[2025-05-30T01:42:14.480+0000] {taskinstance.py:2644} INFO - Exporting env vars: AIRFLOW_CTX_DAG_OWNER='mlops-team' AIRFLOW_CTX_DAG_ID='mlops_pipeline_orchestrator' AIRFLOW_CTX_TASK_ID='setup_database' AIRFLOW_CTX_EXECUTION_DATE='2025-05-30T01:42:04.142810+00:00' AIRFLOW_CTX_TRY_NUMBER='1' AIRFLOW_CTX_DAG_RUN_ID='manual__2025-05-30T01:42:04.142810+00:00'
[2025-05-30T01:42:14.487+0000] {taskinstance.py:430} INFO - ::endgroup::
[2025-05-30T01:42:14.664+0000] {base.py:84} INFO - Using connection ID 'postgres_raw_data' for task execution.
[2025-05-30T01:42:14.719+0000] {sql.py:457} INFO - Running statement: CREATE SCHEMA IF NOT EXISTS raw_data;, parameters: None
[2025-05-30T01:42:14.773+0000] {logging_mixin.py:188} INFO - ✅ Base de datos configurada
[2025-05-30T01:42:14.774+0000] {python.py:237} INFO - Done. Returned value was: None
[2025-05-30T01:42:14.776+0000] {taskinstance.py:441} INFO - ::group::Post task execution logs
[2025-05-30T01:42:14.840+0000] {taskinstance.py:1205} INFO - Marking task as SUCCESS. dag_id=mlops_pipeline_orchestrator, task_id=setup_database, execution_date=20250530T014204, start_date=20250530T014211, end_date=20250530T014214
[2025-05-30T01:42:14.947+0000] {local_task_job_runner.py:240} INFO - Task exited with return code 0
[2025-05-30T01:42:15.063+0000] {taskinstance.py:3482} INFO - 1 downstream tasks scheduled from follow-on schedule check
[2025-05-30T01:42:15.067+0000] {local_task_job_runner.py:222} INFO - ::endgroup::
