[2025-05-30T01:10:00.241+0000] {local_task_job_runner.py:120} INFO - ::group::Pre task execution logs
[2025-05-30T01:10:00.773+0000] {taskinstance.py:2073} INFO - Dependencies all met for dep_context=non-requeueable deps ti=<TaskInstance: mlops_pipeline_orchestrator.execute_batch_pipeline manual__2025-05-30T01:09:33.589451+00:00 [queued]>
[2025-05-30T01:10:00.888+0000] {taskinstance.py:2073} INFO - Dependencies all met for dep_context=requeueable deps ti=<TaskInstance: mlops_pipeline_orchestrator.execute_batch_pipeline manual__2025-05-30T01:09:33.589451+00:00 [queued]>
[2025-05-30T01:10:00.892+0000] {taskinstance.py:2303} INFO - Starting attempt 1 of 2
[2025-05-30T01:10:01.008+0000] {taskinstance.py:2327} INFO - Executing <Task(PythonOperator): execute_batch_pipeline> on 2025-05-30 01:09:33.589451+00:00
[2025-05-30T01:10:01.076+0000] {standard_task_runner.py:63} INFO - Started process 6032 to run task
[2025-05-30T01:10:01.111+0000] {standard_task_runner.py:90} INFO - Running: ['airflow', 'tasks', 'run', 'mlops_pipeline_orchestrator', 'execute_batch_pipeline', 'manual__2025-05-30T01:09:33.589451+00:00', '--job-id', '294', '--raw', '--subdir', 'DAGS_FOLDER/orchestrator.py', '--cfg-path', '/tmp/tmpxqgv53rf']
[2025-05-30T01:10:01.153+0000] {standard_task_runner.py:91} INFO - Job 294: Subtask execute_batch_pipeline
[2025-05-30T01:10:03.094+0000] {task_command.py:426} INFO - Running <TaskInstance: mlops_pipeline_orchestrator.execute_batch_pipeline manual__2025-05-30T01:09:33.589451+00:00 [running]> on host 21b210e93619
[2025-05-30T01:10:05.335+0000] {taskinstance.py:2644} INFO - Exporting env vars: AIRFLOW_CTX_DAG_OWNER='mlops-team' AIRFLOW_CTX_DAG_ID='mlops_pipeline_orchestrator' AIRFLOW_CTX_TASK_ID='execute_batch_pipeline' AIRFLOW_CTX_EXECUTION_DATE='2025-05-30T01:09:33.589451+00:00' AIRFLOW_CTX_TRY_NUMBER='1' AIRFLOW_CTX_DAG_RUN_ID='manual__2025-05-30T01:09:33.589451+00:00'
[2025-05-30T01:10:05.349+0000] {taskinstance.py:430} INFO - ::endgroup::
[2025-05-30T01:10:05.421+0000] {logging_mixin.py:188} INFO - 🚀 Iniciando procesamiento de batches...
[2025-05-30T01:10:05.421+0000] {logging_mixin.py:188} INFO - 
🔄 PROCESANDO BATCH 1
[2025-05-30T01:10:05.424+0000] {logging_mixin.py:188} INFO - 📊 Ejecutando DAG1 para batch 1...
[2025-05-30T01:10:39.715+0000] {local_task_job_runner.py:310} WARNING - State of this instance has been externally set to failed. Terminating instance.
[2025-05-30T01:10:39.718+0000] {local_task_job_runner.py:222} INFO - ::endgroup::
[2025-05-30T01:10:39.730+0000] {process_utils.py:132} INFO - Sending 15 to group 6032. PIDs of all processes in the group: [6032]
[2025-05-30T01:10:39.737+0000] {process_utils.py:87} INFO - Sending the signal 15 to group 6032
[2025-05-30T01:10:39.740+0000] {taskinstance.py:2607} ERROR - Received SIGTERM. Terminating subprocesses.
[2025-05-30T01:10:39.743+0000] {taskinstance.py:441} INFO - ::group::Post task execution logs
[2025-05-30T01:10:39.963+0000] {process_utils.py:80} INFO - Process psutil.Process(pid=6032, status='terminated', exitcode=0, started='01:10:00') (6032) terminated with exit code 0
