[2025-05-29T20:44:57.684+0000] {local_task_job_runner.py:120} INFO - ::group::Pre task execution logs
[2025-05-29T20:44:57.787+0000] {taskinstance.py:2073} INFO - Dependencies all met for dep_context=non-requeueable deps ti=<TaskInstance: model_training.execute_model_training manual__2025-05-29T20:44:50.384922+00:00 [queued]>
[2025-05-29T20:44:57.818+0000] {taskinstance.py:2073} INFO - Dependencies all met for dep_context=requeueable deps ti=<TaskInstance: model_training.execute_model_training manual__2025-05-29T20:44:50.384922+00:00 [queued]>
[2025-05-29T20:44:57.819+0000] {taskinstance.py:2303} INFO - Starting attempt 1 of 2
[2025-05-29T20:44:57.856+0000] {taskinstance.py:2327} INFO - Executing <Task(PythonOperator): execute_model_training> on 2025-05-29 20:44:50.384922+00:00
[2025-05-29T20:44:57.898+0000] {standard_task_runner.py:63} INFO - Started process 937 to run task
[2025-05-29T20:44:57.910+0000] {standard_task_runner.py:90} INFO - Running: ['airflow', 'tasks', 'run', 'model_training', 'execute_model_training', 'manual__2025-05-29T20:44:50.384922+00:00', '--job-id', '238', '--raw', '--subdir', 'DAGS_FOLDER/model.py', '--cfg-path', '/tmp/tmpsx_94lay']
[2025-05-29T20:44:57.923+0000] {standard_task_runner.py:91} INFO - Job 238: Subtask execute_model_training
[2025-05-29T20:44:58.222+0000] {task_command.py:426} INFO - Running <TaskInstance: model_training.execute_model_training manual__2025-05-29T20:44:50.384922+00:00 [running]> on host 21b210e93619
[2025-05-29T20:44:59.631+0000] {taskinstance.py:2644} INFO - Exporting env vars: AIRFLOW_CTX_DAG_OWNER='mlops-team' AIRFLOW_CTX_DAG_ID='model_training' AIRFLOW_CTX_TASK_ID='execute_model_training' AIRFLOW_CTX_EXECUTION_DATE='2025-05-29T20:44:50.384922+00:00' AIRFLOW_CTX_TRY_NUMBER='1' AIRFLOW_CTX_DAG_RUN_ID='manual__2025-05-29T20:44:50.384922+00:00'
[2025-05-29T20:44:59.633+0000] {taskinstance.py:430} INFO - ::endgroup::
[2025-05-29T20:44:59.657+0000] {logging_mixin.py:188} INFO - 🤖 ENTRENAMIENTO MODELO LASSO - BATCH 6
[2025-05-29T20:44:59.657+0000] {logging_mixin.py:188} INFO - ==================================================
[2025-05-29T20:44:59.690+0000] {logging_mixin.py:188} INFO - 📊 Cargando datos procesados del DAG2 - batch 6...
[2025-05-29T20:44:59.732+0000] {base.py:84} INFO - Using connection ID 'postgres_raw_data' for task execution.
[2025-05-29T20:44:59.760+0000] {sql.py:457} INFO - Running statement: 
            SELECT EXISTS (
                SELECT FROM information_schema.tables 
                WHERE table_schema = 'raw_data' 
                AND table_name = 'api_data_batch_6_processed'
            );
        , parameters: None
[2025-05-29T20:44:59.768+0000] {sql.py:466} INFO - Rows affected: 1
[2025-05-29T20:44:59.770+0000] {warnings.py:109} WARNING - /home/airflow/.local/lib/python3.8/site-packages/airflow/providers/common/sql/hooks/sql.py:407: AirflowProviderDeprecationWarning: Call to deprecated method _make_common_data_structure. (The `_make_serializable` method is deprecated and support will be removed in a future version of the common.sql provider. Please update the DbApiHook's provider to a version based on common.sql >= 1.9.1.)
  result = self._make_common_data_structure(handler(cur))

[2025-05-29T20:44:59.820+0000] {base.py:84} INFO - Using connection ID 'postgres_raw_data' for task execution.
[2025-05-29T20:44:59.865+0000] {sql.py:457} INFO - Running statement: SELECT COUNT(*) FROM raw_data.api_data_batch_6_processed;, parameters: None
[2025-05-29T20:44:59.929+0000] {sql.py:466} INFO - Rows affected: 1
[2025-05-29T20:44:59.985+0000] {base.py:84} INFO - Using connection ID 'postgres_raw_data' for task execution.
[2025-05-29T20:45:00.046+0000] {warnings.py:109} WARNING - /home/airflow/.local/lib/python3.8/site-packages/airflow/providers/common/sql/hooks/sql.py:227: UserWarning: pandas only supports SQLAlchemy connectable (engine/connection) or database string URI or sqlite3 DBAPI2 connection. Other DBAPI2 objects are not tested. Please consider using SQLAlchemy.
  return psql.read_sql(sql, con=conn, params=parameters, **kwargs)

[2025-05-29T20:45:10.985+0000] {logging_mixin.py:188} INFO - ✅ Datos procesados cargados (estructura dinámica):
[2025-05-29T20:45:10.987+0000] {logging_mixin.py:188} INFO -    📊 Filas: 361,457
[2025-05-29T20:45:10.991+0000] {logging_mixin.py:188} INFO -    📈 Columnas totales: 8
[2025-05-29T20:45:10.993+0000] {logging_mixin.py:188} INFO -    🏗️ Provienen de: DAG2 feature engineering
[2025-05-29T20:45:10.994+0000] {logging_mixin.py:188} INFO -    📋 Columnas detectadas: ['acre_lot', 'house_size', 'rate_bath_bed', 'region_west', 'cities_by_demand_cities_high_demand', 'zone_by_demand_high_transactionality_zone', 'broker_type_corporate', 'target']
[2025-05-29T20:45:10.996+0000] {logging_mixin.py:188} INFO - 🎯 Target detectado: 'target'
[2025-05-29T20:45:11.000+0000] {logging_mixin.py:188} INFO -    📊 Features disponibles: 7
[2025-05-29T20:45:11.001+0000] {logging_mixin.py:188} INFO -    🎯 Variable target: target
[2025-05-29T20:45:11.081+0000] {logging_mixin.py:188} INFO -    🔢 Features continuas detectadas: 7
[2025-05-29T20:45:11.082+0000] {logging_mixin.py:188} INFO -    🏷️ Features binarias/categóricas: 0
[2025-05-29T20:45:11.084+0000] {logging_mixin.py:188} INFO -    📝 Todas las features: ['acre_lot', 'house_size', 'rate_bath_bed', 'region_west', 'cities_by_demand_cities_high_demand', 'zone_by_demand_high_transactionality_zone', 'broker_type_corporate']
[2025-05-29T20:45:11.085+0000] {logging_mixin.py:188} INFO - ⚙️ Configurando MLflow...
[2025-05-29T20:45:11.455+0000] {logging_mixin.py:188} INFO - 🔥 Iniciando entrenamiento con estructura dinámica...
[2025-05-29T20:45:12.173+0000] {logging_mixin.py:188} WARNING - 2025/05/29 20:45:12 WARNING mlflow.utils.git_utils: Failed to import Git (the Git executable is probably not on your PATH), so Git SHA is not available. Error: Failed to initialize: Bad git executable.
The git executable must be specified in one of the following ways:
    - be included in your $PATH
    - be set via $GIT_PYTHON_GIT_EXECUTABLE
    - explicitly set via git.refresh(<full-path-to-git-executable>)

All git commands will error until this is rectified.

This initial message can be silenced or aggravated in the future by setting the
$GIT_PYTHON_REFRESH environment variable. Use one of the following values:
    - quiet|q|silence|s|silent|none|n|0: for no message or exception
    - warn|w|warning|log|l|1: for a warning message (logging level CRITICAL, displayed by default)
    - error|e|exception|raise|r|2: for a raised exception

Example:
    export GIT_PYTHON_REFRESH=quiet
[2025-05-29T20:45:12.393+0000] {logging_mixin.py:188} INFO -    📊 X shape: (361457, 7)
[2025-05-29T20:45:12.393+0000] {logging_mixin.py:188} INFO -    🎯 y shape: (361457,)
[2025-05-29T20:45:12.420+0000] {logging_mixin.py:188} INFO -    📈 Target stats: min=580000.00, max=580000.00, mean=580000.00
[2025-05-29T20:45:22.129+0000] {warnings.py:109} WARNING - /home/airflow/.local/lib/python3.8/site-packages/sklearn/linear_model/_coordinate_descent.py:628: ConvergenceWarning: Objective did not converge. You might want to increase the number of iterations, check the scale of the features or consider increasing regularisation. Duality gap: 0.000e+00, tolerance: 0.000e+00
  model = cd_fast.enet_coordinate_descent(

[2025-05-29T20:45:22.214+0000] {logging_mixin.py:188} INFO - 📋 Registrando experimento en MLflow...
[2025-05-29T20:45:23.095+0000] {logging_mixin.py:188} INFO - 💾 Registrando modelo...
[2025-05-29T20:45:32.751+0000] {logging_mixin.py:188} WARNING - 2025/05/29 20:45:32 WARNING mlflow.models.model: Model logged without a signature and input example. Please set `input_example` parameter when logging the model to auto infer the model signature.
[2025-05-29T20:45:33.440+0000] {credentials.py:1147} INFO - Found credentials in environment variables.
[2025-05-29T20:45:34.830+0000] {logging_mixin.py:188} WARNING - Registered model 'lasso-regressor' already exists. Creating a new version of this model...
[2025-05-29T20:45:35.023+0000] {logging_mixin.py:188} WARNING - 2025/05/29 20:45:35 INFO mlflow.store.model_registry.abstract_store: Waiting up to 300 seconds for model version to finish creation. Model name: lasso-regressor, version 17
[2025-05-29T20:45:35.025+0000] {logging_mixin.py:188} WARNING - Created version '17' of model 'lasso-regressor'.
[2025-05-29T20:45:35.026+0000] {logging_mixin.py:188} INFO - 🚀 Evaluando promoción...
[2025-05-29T20:45:35.027+0000] {warnings.py:109} WARNING - /opt/airflow/dags/model.py:75: FutureWarning: ``mlflow.tracking.client.MlflowClient.get_latest_versions`` is deprecated since 2.9.0. Model registry stages will be removed in a future major release. To learn more about the deprecation of model registry stages, see our migration guide here: https://mlflow.org/docs/latest/model-registry.html#migrating-from-stages
  production_models = client.get_latest_versions(model_name, stages=["Production"])

[2025-05-29T20:45:35.184+0000] {logging_mixin.py:188} INFO - 📊 Comparando MSE - Producción: 0.000000 vs Nuevo: 0.000000
[2025-05-29T20:45:35.248+0000] {warnings.py:109} WARNING - /opt/airflow/dags/model.py:121: FutureWarning: ``mlflow.tracking.client.MlflowClient.transition_model_version_stage`` is deprecated since 2.9.0. Model registry stages will be removed in a future major release. To learn more about the deprecation of model registry stages, see our migration guide here: https://mlflow.org/docs/latest/model-registry.html#migrating-from-stages
  client.transition_model_version_stage(

[2025-05-29T20:45:35.309+0000] {logging_mixin.py:188} INFO - 📋 Modelo en staging - No supera al actual
[2025-05-29T20:45:35.390+0000] {logging_mixin.py:188} INFO - 
📊 RESULTADOS MODELO DINÁMICO - BATCH 6:
[2025-05-29T20:45:35.394+0000] {logging_mixin.py:188} INFO -    🎯 Target detectado: 'target'
[2025-05-29T20:45:35.394+0000] {logging_mixin.py:188} INFO -    📈 MSE: 0.000000
[2025-05-29T20:45:35.394+0000] {logging_mixin.py:188} INFO -    📉 MAE: 0.000000
[2025-05-29T20:45:35.394+0000] {logging_mixin.py:188} INFO -    📊 R² Score: 1.000000
[2025-05-29T20:45:35.395+0000] {logging_mixin.py:188} INFO -    ⏱️ Tiempo entrenamiento: 9.34s
[2025-05-29T20:45:35.395+0000] {logging_mixin.py:188} INFO -    🔢 Features procesadas: 7 (dinámico)
[2025-05-29T20:45:35.395+0000] {logging_mixin.py:188} INFO -    📊 Features continuas: 7
[2025-05-29T20:45:35.395+0000] {logging_mixin.py:188} INFO -    🏷️ Features binarias: 0
[2025-05-29T20:45:35.396+0000] {logging_mixin.py:188} INFO -    🏷️ Modelo: lasso-regressor
[2025-05-29T20:45:35.402+0000] {logging_mixin.py:188} INFO -    🎯 Estado: Staging
[2025-05-29T20:45:35.404+0000] {logging_mixin.py:188} INFO -    🆔 MLflow Run ID: 0f012834944741e8b9471d552b96587c
[2025-05-29T20:45:35.405+0000] {logging_mixin.py:188} INFO -    🌐 MLflow UI: http://10.43.101.168:30500
[2025-05-29T20:45:35.406+0000] {logging_mixin.py:188} INFO -    🔄 Pipeline: DAG1→DAG2→DAG3 (adaptativo)
[2025-05-29T20:45:35.473+0000] {logging_mixin.py:188} WARNING - 2025/05/29 20:45:35 INFO mlflow.tracking._tracking_service.client: 🏃 View run lasso_training_batch_6 at: http://10.43.101.168:30500/#/experiments/1/runs/0f012834944741e8b9471d552b96587c.
[2025-05-29T20:45:35.473+0000] {logging_mixin.py:188} WARNING - 2025/05/29 20:45:35 INFO mlflow.tracking._tracking_service.client: 🧪 View experiment at: http://10.43.101.168:30500/#/experiments/1.
[2025-05-29T20:45:35.524+0000] {python.py:237} INFO - Done. Returned value was: {'batch_number': 6, 'model_name': 'lasso-regressor', 'target_column': 'target', 'total_features': 7, 'continuous_features': 7, 'binary_features': 0, 'mse': 0.0, 'mae': 0.0, 'r2_score': 1.0, 'model_stage': 'Staging', 'run_id': '0f012834944741e8b9471d552b96587c', 'records_processed': 361457, 'training_time': 9.33584, 'feature_detection': 'dynamic'}
[2025-05-29T20:45:35.527+0000] {taskinstance.py:441} INFO - ::group::Post task execution logs
[2025-05-29T20:45:35.687+0000] {taskinstance.py:1205} INFO - Marking task as SUCCESS. dag_id=model_training, task_id=execute_model_training, execution_date=20250529T204450, start_date=20250529T204457, end_date=20250529T204535
[2025-05-29T20:45:35.876+0000] {local_task_job_runner.py:240} INFO - Task exited with return code 0
[2025-05-29T20:45:36.004+0000] {taskinstance.py:3482} INFO - 0 downstream tasks scheduled from follow-on schedule check
[2025-05-29T20:45:36.014+0000] {local_task_job_runner.py:222} INFO - ::endgroup::
