[2025-05-30T01:09:57.681+0000] {local_task_job_runner.py:120} INFO - ::group::Pre task execution logs
[2025-05-30T01:09:57.866+0000] {taskinstance.py:2073} INFO - Dependencies all met for dep_context=non-requeueable deps ti=<TaskInstance: mlops_pipeline_orchestrator.execute_batch_pipeline scheduled__2025-05-29T00:00:00+00:00 [queued]>
[2025-05-30T01:09:57.933+0000] {taskinstance.py:2073} INFO - Dependencies all met for dep_context=requeueable deps ti=<TaskInstance: mlops_pipeline_orchestrator.execute_batch_pipeline scheduled__2025-05-29T00:00:00+00:00 [queued]>
[2025-05-30T01:09:57.935+0000] {taskinstance.py:2303} INFO - Starting attempt 1 of 2
[2025-05-30T01:09:58.013+0000] {taskinstance.py:2327} INFO - Executing <Task(PythonOperator): execute_batch_pipeline> on 2025-05-29 00:00:00+00:00
[2025-05-30T01:09:58.058+0000] {standard_task_runner.py:63} INFO - Started process 6031 to run task
[2025-05-30T01:09:58.082+0000] {standard_task_runner.py:90} INFO - Running: ['airflow', 'tasks', 'run', 'mlops_pipeline_orchestrator', 'execute_batch_pipeline', 'scheduled__2025-05-29T00:00:00+00:00', '--job-id', '293', '--raw', '--subdir', 'DAGS_FOLDER/orchestrator.py', '--cfg-path', '/tmp/tmpknps0fpx']
[2025-05-30T01:09:58.105+0000] {standard_task_runner.py:91} INFO - Job 293: Subtask execute_batch_pipeline
[2025-05-30T01:09:58.651+0000] {task_command.py:426} INFO - Running <TaskInstance: mlops_pipeline_orchestrator.execute_batch_pipeline scheduled__2025-05-29T00:00:00+00:00 [running]> on host 21b210e93619
[2025-05-30T01:09:59.325+0000] {taskinstance.py:2644} INFO - Exporting env vars: AIRFLOW_CTX_DAG_OWNER='mlops-team' AIRFLOW_CTX_DAG_ID='mlops_pipeline_orchestrator' AIRFLOW_CTX_TASK_ID='execute_batch_pipeline' AIRFLOW_CTX_EXECUTION_DATE='2025-05-29T00:00:00+00:00' AIRFLOW_CTX_TRY_NUMBER='1' AIRFLOW_CTX_DAG_RUN_ID='scheduled__2025-05-29T00:00:00+00:00'
[2025-05-30T01:09:59.328+0000] {taskinstance.py:430} INFO - ::endgroup::
[2025-05-30T01:09:59.385+0000] {logging_mixin.py:188} INFO - 🚀 Iniciando procesamiento de batches...
[2025-05-30T01:09:59.386+0000] {logging_mixin.py:188} INFO - 
🔄 PROCESANDO BATCH 1
[2025-05-30T01:09:59.388+0000] {logging_mixin.py:188} INFO - 📊 Ejecutando DAG1 para batch 1...
[2025-05-30T01:13:32.294+0000] {logging_mixin.py:188} INFO - ✅ DAG1 completado exitosamente para batch 1
[2025-05-30T01:13:32.298+0000] {logging_mixin.py:188} INFO - ⚙️ Ejecutando DAG2 para batch 1...
[2025-05-30T01:19:34.823+0000] {logging_mixin.py:188} INFO - ❌ Error procesando batch 1: DAG2 falló para batch 1
[2025-05-30T01:19:34.826+0000] {taskinstance.py:441} INFO - ::group::Post task execution logs
[2025-05-30T01:19:34.830+0000] {taskinstance.py:2890} ERROR - Task failed with exception
Traceback (most recent call last):
  File "/home/airflow/.local/lib/python3.8/site-packages/airflow/models/taskinstance.py", line 465, in _execute_task
    result = _execute_callable(context=context, **execute_callable_kwargs)
  File "/home/airflow/.local/lib/python3.8/site-packages/airflow/models/taskinstance.py", line 432, in _execute_callable
    return execute_callable(context=context, **execute_callable_kwargs)
  File "/home/airflow/.local/lib/python3.8/site-packages/airflow/models/baseoperator.py", line 400, in wrapper
    return func(self, *args, **kwargs)
  File "/home/airflow/.local/lib/python3.8/site-packages/airflow/operators/python.py", line 235, in execute
    return_value = self.execute_callable()
  File "/home/airflow/.local/lib/python3.8/site-packages/airflow/operators/python.py", line 252, in execute_callable
    return self.python_callable(*self.op_args, **self.op_kwargs)
  File "/opt/airflow/dags/orchestrator.py", line 380, in execute_batch_pipeline
    raise Exception(f"DAG2 falló para batch {batch_number}")
Exception: DAG2 falló para batch 1
[2025-05-30T01:19:34.888+0000] {taskinstance.py:1205} INFO - Marking task as UP_FOR_RETRY. dag_id=mlops_pipeline_orchestrator, task_id=execute_batch_pipeline, execution_date=20250529T000000, start_date=20250530T010957, end_date=20250530T011934
[2025-05-30T01:19:34.932+0000] {standard_task_runner.py:110} ERROR - Failed to execute job 293 for task execute_batch_pipeline (DAG2 falló para batch 1; 6031)
[2025-05-30T01:19:34.976+0000] {local_task_job_runner.py:240} INFO - Task exited with return code 1
[2025-05-30T01:19:35.051+0000] {taskinstance.py:3482} INFO - 0 downstream tasks scheduled from follow-on schedule check
[2025-05-30T01:19:35.066+0000] {local_task_job_runner.py:222} INFO - ::endgroup::
